Archive member included to satisfy reference by file (symbol)

C:\Users\schro\OneDrive\Documents\ELEC 291\Lab 6\gcc-arm-none-eabi-10.3-2021.10-win32\gcc-arm-none-eabi-10.3-2021.10\arm-none-eabi\lib\thumb\v6-m\nofp\libnosys.a(errno.o)
                              newlib_stubs.o (errno)
C:\Users\schro\OneDrive\Documents\ELEC 291\Lab 6\gcc-arm-none-eabi-10.3-2021.10-win32\gcc-arm-none-eabi-10.3-2021.10\lib\gcc\arm-none-eabi\10.3.1\thumb\v6-m\nofp\libgcc.a(_divsi3.o)
                              main.o (__aeabi_idiv)
C:\Users\schro\OneDrive\Documents\ELEC 291\Lab 6\gcc-arm-none-eabi-10.3-2021.10-win32\gcc-arm-none-eabi-10.3-2021.10\lib\gcc\arm-none-eabi\10.3.1\thumb\v6-m\nofp\libgcc.a(_dvmd_tls.o)
                              C:\Users\schro\OneDrive\Documents\ELEC 291\Lab 6\gcc-arm-none-eabi-10.3-2021.10-win32\gcc-arm-none-eabi-10.3-2021.10\lib\gcc\arm-none-eabi\10.3.1\thumb\v6-m\nofp\libgcc.a(_divsi3.o) (__aeabi_idiv0)
C:\Users\schro\OneDrive\Documents\ELEC 291\Lab 6\gcc-arm-none-eabi-10.3-2021.10-win32\gcc-arm-none-eabi-10.3-2021.10\arm-none-eabi\lib\thumb\v6-m\nofp\libc_nano.a(lib_a-printf.o)
                              main.o (printf)
C:\Users\schro\OneDrive\Documents\ELEC 291\Lab 6\gcc-arm-none-eabi-10.3-2021.10-win32\gcc-arm-none-eabi-10.3-2021.10\arm-none-eabi\lib\thumb\v6-m\nofp\libc_nano.a(lib_a-puts.o)
                              main.o (puts)
C:\Users\schro\OneDrive\Documents\ELEC 291\Lab 6\gcc-arm-none-eabi-10.3-2021.10-win32\gcc-arm-none-eabi-10.3-2021.10\arm-none-eabi\lib\thumb\v6-m\nofp\libc_nano.a(lib_a-sprintf.o)
                              main.o (sprintf)
C:\Users\schro\OneDrive\Documents\ELEC 291\Lab 6\gcc-arm-none-eabi-10.3-2021.10-win32\gcc-arm-none-eabi-10.3-2021.10\arm-none-eabi\lib\thumb\v6-m\nofp\libc_nano.a(lib_a-wbuf.o)
                              C:\Users\schro\OneDrive\Documents\ELEC 291\Lab 6\gcc-arm-none-eabi-10.3-2021.10-win32\gcc-arm-none-eabi-10.3-2021.10\arm-none-eabi\lib\thumb\v6-m\nofp\libc_nano.a(lib_a-puts.o) (__swbuf_r)
C:\Users\schro\OneDrive\Documents\ELEC 291\Lab 6\gcc-arm-none-eabi-10.3-2021.10-win32\gcc-arm-none-eabi-10.3-2021.10\arm-none-eabi\lib\thumb\v6-m\nofp\libc_nano.a(lib_a-wsetup.o)
                              C:\Users\schro\OneDrive\Documents\ELEC 291\Lab 6\gcc-arm-none-eabi-10.3-2021.10-win32\gcc-arm-none-eabi-10.3-2021.10\arm-none-eabi\lib\thumb\v6-m\nofp\libc_nano.a(lib_a-puts.o) (__swsetup_r)
C:\Users\schro\OneDrive\Documents\ELEC 291\Lab 6\gcc-arm-none-eabi-10.3-2021.10-win32\gcc-arm-none-eabi-10.3-2021.10\arm-none-eabi\lib\thumb\v6-m\nofp\libc_nano.a(lib_a-fflush.o)
                              C:\Users\schro\OneDrive\Documents\ELEC 291\Lab 6\gcc-arm-none-eabi-10.3-2021.10-win32\gcc-arm-none-eabi-10.3-2021.10\arm-none-eabi\lib\thumb\v6-m\nofp\libc_nano.a(lib_a-wbuf.o) (_fflush_r)
C:\Users\schro\OneDrive\Documents\ELEC 291\Lab 6\gcc-arm-none-eabi-10.3-2021.10-win32\gcc-arm-none-eabi-10.3-2021.10\arm-none-eabi\lib\thumb\v6-m\nofp\libc_nano.a(lib_a-findfp.o)
                              C:\Users\schro\OneDrive\Documents\ELEC 291\Lab 6\gcc-arm-none-eabi-10.3-2021.10-win32\gcc-arm-none-eabi-10.3-2021.10\arm-none-eabi\lib\thumb\v6-m\nofp\libc_nano.a(lib_a-printf.o) (__sinit)
C:\Users\schro\OneDrive\Documents\ELEC 291\Lab 6\gcc-arm-none-eabi-10.3-2021.10-win32\gcc-arm-none-eabi-10.3-2021.10\arm-none-eabi\lib\thumb\v6-m\nofp\libc_nano.a(lib_a-fwalk.o)
                              C:\Users\schro\OneDrive\Documents\ELEC 291\Lab 6\gcc-arm-none-eabi-10.3-2021.10-win32\gcc-arm-none-eabi-10.3-2021.10\arm-none-eabi\lib\thumb\v6-m\nofp\libc_nano.a(lib_a-findfp.o) (_fwalk)
C:\Users\schro\OneDrive\Documents\ELEC 291\Lab 6\gcc-arm-none-eabi-10.3-2021.10-win32\gcc-arm-none-eabi-10.3-2021.10\arm-none-eabi\lib\thumb\v6-m\nofp\libc_nano.a(lib_a-impure.o)
                              C:\Users\schro\OneDrive\Documents\ELEC 291\Lab 6\gcc-arm-none-eabi-10.3-2021.10-win32\gcc-arm-none-eabi-10.3-2021.10\arm-none-eabi\lib\thumb\v6-m\nofp\libc_nano.a(lib_a-fflush.o) (_global_impure_ptr)
C:\Users\schro\OneDrive\Documents\ELEC 291\Lab 6\gcc-arm-none-eabi-10.3-2021.10-win32\gcc-arm-none-eabi-10.3-2021.10\arm-none-eabi\lib\thumb\v6-m\nofp\libc_nano.a(lib_a-lock.o)
                              C:\Users\schro\OneDrive\Documents\ELEC 291\Lab 6\gcc-arm-none-eabi-10.3-2021.10-win32\gcc-arm-none-eabi-10.3-2021.10\arm-none-eabi\lib\thumb\v6-m\nofp\libc_nano.a(lib_a-findfp.o) (__retarget_lock_init_recursive)
C:\Users\schro\OneDrive\Documents\ELEC 291\Lab 6\gcc-arm-none-eabi-10.3-2021.10-win32\gcc-arm-none-eabi-10.3-2021.10\arm-none-eabi\lib\thumb\v6-m\nofp\libc_nano.a(lib_a-makebuf.o)
                              C:\Users\schro\OneDrive\Documents\ELEC 291\Lab 6\gcc-arm-none-eabi-10.3-2021.10-win32\gcc-arm-none-eabi-10.3-2021.10\arm-none-eabi\lib\thumb\v6-m\nofp\libc_nano.a(lib_a-wsetup.o) (__smakebuf_r)
[...]
Memory Configuration

Name             Origin             Length             Attributes
flash            0x08000000         0x00010000
ram              0x20000000         0x00002000
*default*        0x00000000         0xffffffff

Linker script and memory map

LOAD main.o
LOAD serial.o
LOAD UART2.o
LOAD startup.o
LOAD newlib_stubs.o
LOAD C:\Users\schro\OneDrive\Documents\ELEC 291\Lab 6\gcc-arm-none-eabi-10.3-2021.10-win32\gcc-arm-none-eabi-10.3-2021.10\arm-none-eabi\lib\thumb\v6-m\nofp\libnosys.a
LOAD C:\Users\schro\OneDrive\Documents\ELEC 291\Lab 6\gcc-arm-none-eabi-10.3-2021.10-win32\gcc-arm-none-eabi-10.3-2021.10\lib\gcc\arm-none-eabi\10.3.1\thumb\v6-m\nofp\libgcc.a
START GROUP
LOAD C:\Users\schro\OneDrive\Documents\ELEC 291\Lab 6\gcc-arm-none-eabi-10.3-2021.10-win32\gcc-arm-none-eabi-10.3-2021.10\lib\gcc\arm-none-eabi\10.3.1\thumb\v6-m\nofp\libgcc.a
LOAD C:\Users\schro\OneDrive\Documents\ELEC 291\Lab 6\gcc-arm-none-eabi-10.3-2021.10-win32\gcc-arm-none-eabi-10.3-2021.10\arm-none-eabi\lib\thumb\v6-m\nofp\libc_nano.a
LOAD C:\Users\schro\OneDrive\Documents\ELEC 291\Lab 6\gcc-arm-none-eabi-10.3-2021.10-win32\gcc-arm-none-eabi-10.3-2021.10\arm-none-eabi\lib\thumb\v6-m\nofp\libm.a
END GROUP

.text           0x08000000     0x3218
 *(.vectors)
 .vectors       0x08000000       0xb8 startup.o
                0x08000000                Vectors
 *(.after_vectors*)
 .after_vectors
                0x080000b8       0x28 startup.o
                0x080000b8                ResetInit
 *(.text*)
 .text          0x080000e0      0x2a8 main.o
                0x080000e0                Delay_us
                0x08000140                waitms
                0x0800018c                Hardware_Init
                0x08000218                SendATCommand
                0x08000290                main
 .text          0x08000388      0x5b4 serial.o
                0x08000388                ReadCom
                0x080003fc                WriteCom
                0x0800049c                initUART
                0x080005ec                USART1_Handler
                0x08000618                usart_rx
                0x08000648                usart_tx
                0x080006b0                PutBuf
                0x08000712                GetBuf
                0x08000768                GetBufCount
                0x0800077c                eputs
                0x080007b8                eputc
                0x080007d6                egetc
                0x080007f0                egets
                0x0800087c                egetc_echo
                0x080008a2                egets_echo
 .text          0x0800093c      0x5c8 UART2.o
                0x0800093c                ReadCom2
                0x080009b0                WriteCom2
                0x08000a50                initUART2
                0x08000b9c                USART2_Handler
                0x08000bc8                usart_rx2
                0x08000bf8                usart_tx2
                0x08000c60                PutBuf2
                0x08000cc2                GetBuf2
                0x08000d18                GetBufCount2
                0x08000d2c                eputs2
                0x08000d68                eputc2
                0x08000d86                egetc2
                0x08000da0                egets2
                0x08000e2c                ReceivedBytes2
                0x08000e44                egetc_echo2
                0x08000e6a                egets_echo2
 .text          0x08000f04      0x1a8 startup.o
                0x08000f7c                initClock
                0x08001084                EXTI2_3_Handler
                0x08001084                TIM21_Handler
                0x08001084                SysTick_Handler
                0x08001084                I2C1_Handler
                0x08001084                PendSV_Handler
                0x08001084                NMI_Handler
                0x08001084                WWDG_Handler
                0x08001084                RTC_Handler
                0x08001084                EXTI4_15_Handler
                0x08001084                TIM2_Handler
                0x08001084                DMA_CH4_5_6_7_Handler
                0x08001084                Default_Handler
                0x08001084                LPUART1_Handler
                0x08001084                FLASH_Handler
                0x08001084                EXTI0_1_Handler
                0x08001084                DMA_CH1_Handler
                0x08001084                SPI2_Handler
                0x08001084                DMA_CH2_3_Handler
                0x08001084                I2C2_Handler
                0x08001084                SVC_Handler
                0x08001084                LPTIM1_Handler
                0x08001084                SPI1_Handler
                0x08001084                RCC_Handler
                0x08001084                PVD_Handler
                0x08001084                TIM6_Handler
                0x08001084                TIM22_Handler
                0x08001084                ADC_COMP_Handler
                0x08001098                Hard_Fault_Handler
 .text          0x080010ac      0x29c newlib_stubs.o
                0x080010ac                _exit
                0x080010b6                _close
                0x080010ca                _execve
                0x080010ec                _fork
                0x08001104                _fstat
                0x08001120                _getpid
                0x0800112c                _kill
                0x0800114c                _link
                0x0800116c                _lseek
                0x08001182                _stat
                0x0800119e                _times
                0x080011b2                _unlink
                0x080011d0                _wait
                0x080011f0                _isatty
                0x08001218                _sbrk
                0x0800127c                _read
                0x080012f4                _write
 .text          0x08001348        0x0 C:\Users\schro\OneDrive\Documents\ELEC 291\Lab 6\gcc-arm-none-eabi-10.3-2021.10-win32\gcc-arm-none-eabi-10.3-2021.10\arm-none-eabi\lib\thumb\v6-m\nofp\libnosys.a(errno.o)
 .text          0x08001348      0x1d4 C:\Users\schro\OneDrive\Documents\ELEC 291\Lab 6\gcc-arm-none-eabi-10.3-2021.10-win32\gcc-arm-none-eabi-10.3-2021.10\lib\gcc\arm-none-eabi\10.3.1\thumb\v6-m\nofp\libgcc.a(_divsi3.o)
                0x08001348                __divsi3
                0x08001348                __aeabi_idiv
                0x08001514                __aeabi_idivmod
 .text          0x0800151c        0x4 C:\Users\schro\OneDrive\Documents\ELEC 291\Lab 6\gcc-arm-none-eabi-10.3-2021.10-win32\gcc-arm-none-eabi-10.3-2021.10\lib\gcc\arm-none-eabi\10.3.1\thumb\v6-m\nofp\libgcc.a(_dvmd_tls.o)
                0x0800151c                __aeabi_idiv0
                0x0800151c                __aeabi_ldiv0
 .text          0x08001520        0x0 C:\Users\schro\OneDrive\Documents\ELEC 291\Lab 6\gcc-arm-none-eabi-10.3-2021.10-win32\gcc-arm-none-eabi-10.3-2021.10\arm-none-eabi\lib\thumb\v6-m\nofp\libc_nano.a(lib_a-printf.o)
 .text._printf_r
                0x08001520       0x28 C:\Users\schro\OneDrive\Documents\ELEC 291\Lab 6\gcc-arm-none-eabi-10.3-2021.10-win32\gcc-arm-none-eabi-10.3-2021.10\arm-none-eabi\lib\thumb\v6-m\nofp\libc_nano.a(lib_a-printf.o)
                0x08001520                _iprintf_r
                0x08001520                _printf_r
 .text.printf   0x08001548       0x34 C:\Users\schro\OneDrive\Documents\ELEC 291\Lab 6\gcc-arm-none-eabi-10.3-2021.10-win32\gcc-arm-none-eabi-10.3-2021.10\arm-none-eabi\lib\thumb\v6-m\nofp\libc_nano.a(lib_a-printf.o)
                0x08001548                iprintf
                0x08001548                printf
 .text          0x0800157c        0x0 C:\Users\schro\OneDrive\Documents\ELEC 291\Lab 6\gcc-arm-none-eabi-10.3-2021.10-win32\gcc-arm-none-eabi-10.3-2021.10\arm-none-eabi\lib\thumb\v6-m\nofp\libc_nano.a(lib_a-puts.o)
 .text._puts_r  0x0800157c       0xe4 C:\Users\schro\OneDrive\Documents\ELEC 291\Lab 6\gcc-arm-none-eabi-10.3-2021.10-win32\gcc-arm-none-eabi-10.3-2021.10\arm-none-eabi\lib\thumb\v6-m\nofp\libc_nano.a(lib_a-puts.o)
                0x0800157c                _puts_r
 .text.puts     0x08001660       0x14 C:\Users\schro\OneDrive\Documents\ELEC 291\Lab 6\gcc-arm-none-eabi-10.3-2021.10-win32\gcc-arm-none-eabi-10.3-2021.10\arm-none-eabi\lib\thumb\v6-m\nofp\libc_nano.a(lib_a-puts.o)
                0x08001660                puts
 .text          0x08001674        0x0 C:\Users\schro\OneDrive\Documents\ELEC 291\Lab 6\gcc-arm-none-eabi-10.3-2021.10-win32\gcc-arm-none-eabi-10.3-2021.10\arm-none-eabi\lib\thumb\v6-m\nofp\libc_nano.a(lib_a-sprintf.o)
 .text._sprintf_r
                0x08001674       0x38 C:\Users\schro\OneDrive\Documents\ELEC 291\Lab 6\gcc-arm-none-eabi-10.3-2021.10-win32\gcc-arm-none-eabi-10.3-2021.10\arm-none-eabi\lib\thumb\v6-m\nofp\libc_nano.a(lib_a-sprintf.o)
                0x08001674                _sprintf_r
                0x08001674                _siprintf_r
 .text.sprintf  0x080016ac       0x40 C:\Users\schro\OneDrive\Documents\ELEC 291\Lab 6\gcc-arm-none-eabi-10.3-2021.10-win32\gcc-arm-none-eabi-10.3-2021.10\arm-none-eabi\lib\thumb\v6-m\nofp\libc_nano.a(lib_a-sprintf.o)
                0x080016ac                siprintf
                0x080016ac                sprintf
 .text          0x080016ec        0x0 C:\Users\schro\OneDrive\Documents\ELEC 291\Lab 6\gcc-arm-none-eabi-10.3-2021.10-win32\gcc-arm-none-eabi-10.3-2021.10\arm-none-eabi\lib\thumb\v6-m\nofp\libc_nano.a(lib_a-wbuf.o)
 .text.__swbuf_r
                0x080016ec       0xac C:\Users\schro\OneDrive\Documents\ELEC 291\Lab 6\gcc-arm-none-eabi-10.3-2021.10-win32\gcc-arm-none-eabi-10.3-2021.10\arm-none-eabi\lib\thumb\v6-m\nofp\libc_nano.a(lib_a-wbuf.o)
                0x080016ec                __swbuf_r
 .text.__swbuf  0x08001798       0x14 C:\Users\schro\OneDrive\Documents\ELEC 291\Lab 6\gcc-arm-none-eabi-10.3-2021.10-win32\gcc-arm-none-eabi-10.3-2021.10\arm-none-eabi\lib\thumb\v6-m\nofp\libc_nano.a(lib_a-wbuf.o)
                0x08001798                __swbuf
 .text          0x080017ac        0x0 C:\Users\schro\OneDrive\Documents\ELEC 291\Lab 6\gcc-arm-none-eabi-10.3-2021.10-win32\gcc-arm-none-eabi-10.3-2021.10\arm-none-eabi\lib\thumb\v6-m\nofp\libc_nano.a(lib_a-wsetup.o)
 .text.__swsetup_r
                0x080017ac       0xf0 C:\Users\schro\OneDrive\Documents\ELEC 291\Lab 6\gcc-arm-none-eabi-10.3-2021.10-win32\gcc-arm-none-eabi-10.3-2021.10\arm-none-eabi\lib\thumb\v6-m\nofp\libc_nano.a(lib_a-wsetup.o)
                0x080017ac                __swsetup_r
 .text          0x0800189c        0x0 C:\Users\schro\OneDrive\Documents\ELEC 291\Lab 6\gcc-arm-none-eabi-10.3-2021.10-win32\gcc-arm-none-eabi-10.3-2021.10\arm-none-eabi\lib\thumb\v6-m\nofp\libc_nano.a(lib_a-fflush.o)
 .text.__sflush_r
                0x0800189c      0x118 C:\Users\schro\OneDrive\Documents\ELEC 291\Lab 6\gcc-arm-none-eabi-10.3-2021.10-win32\gcc-arm-none-eabi-10.3-2021.10\arm-none-eabi\lib\thumb\v6-m\nofp\libc_nano.a(lib_a-fflush.o)
                0x0800189c                __sflush_r
 .text._fflush_r
                0x080019b4       0x80 C:\Users\schro\OneDrive\Documents\ELEC 291\Lab 6\gcc-arm-none-eabi-10.3-2021.10-win32\gcc-arm-none-eabi-10.3-2021.10\arm-none-eabi\lib\thumb\v6-m\nofp\libc_nano.a(lib_a-fflush.o)
                0x080019b4                _fflush_r
 .text.fflush   0x08001a34       0x2c C:\Users\schro\OneDrive\Documents\ELEC 291\Lab 6\gcc-arm-none-eabi-10.3-2021.10-win32\gcc-arm-none-eabi-10.3-2021.10\arm-none-eabi\lib\thumb\v6-m\nofp\libc_nano.a(lib_a-fflush.o)
                0x08001a34                fflush
 .text          0x08001a60        0x0 C:\Users\schro\OneDrive\Documents\ELEC 291\Lab 6\gcc-arm-none-eabi-10.3-2021.10-win32\gcc-arm-none-eabi-10.3-2021.10\arm-none-eabi\lib\thumb\v6-m\nofp\libc_nano.a(lib_a-findfp.o)
 .text.std      0x08001a60       0x48 C:\Users\schro\OneDrive\Documents\ELEC 291\Lab 6\gcc-arm-none-eabi-10.3-2021.10-win32\gcc-arm-none-eabi-10.3-2021.10\arm-none-eabi\lib\thumb\v6-m\nofp\libc_nano.a(lib_a-findfp.o)
 .text._cleanup_r
                0x08001aa8       0x10 C:\Users\schro\OneDrive\Documents\ELEC 291\Lab 6\gcc-arm-none-eabi-10.3-2021.10-win32\gcc-arm-none-eabi-10.3-2021.10\arm-none-eabi\lib\thumb\v6-m\nofp\libc_nano.a(lib_a-findfp.o)
                0x08001aa8                _cleanup_r
 .text.__fp_lock
                0x08001ab8       0x18 C:\Users\schro\OneDrive\Documents\ELEC 291\Lab 6\gcc-arm-none-eabi-10.3-2021.10-win32\gcc-arm-none-eabi-10.3-2021.10\arm-none-eabi\lib\thumb\v6-m\nofp\libc_nano.a(lib_a-findfp.o)
 .text.__fp_unlock
                0x08001ad0       0x18 C:\Users\schro\OneDrive\Documents\ELEC 291\Lab 6\gcc-arm-none-eabi-10.3-2021.10-win32\gcc-arm-none-eabi-10.3-2021.10\arm-none-eabi\lib\thumb\v6-m\nofp\libc_nano.a(lib_a-findfp.o)
 .text.__sfmoreglue
                0x08001ae8       0x2c C:\Users\schro\OneDrive\Documents\ELEC 291\Lab 6\gcc-arm-none-eabi-10.3-2021.10-win32\gcc-arm-none-eabi-10.3-2021.10\arm-none-eabi\lib\thumb\v6-m\nofp\libc_nano.a(lib_a-findfp.o)
                0x08001ae8                __sfmoreglue
 .text._cleanup
                0x08001b14       0x10 C:\Users\schro\OneDrive\Documents\ELEC 291\Lab 6\gcc-arm-none-eabi-10.3-2021.10-win32\gcc-arm-none-eabi-10.3-2021.10\arm-none-eabi\lib\thumb\v6-m\nofp\libc_nano.a(lib_a-findfp.o)
                0x08001b14                _cleanup
 .text.__sfp_lock_acquire
                0x08001b24       0x10 C:\Users\schro\OneDrive\Documents\ELEC 291\Lab 6\gcc-arm-none-eabi-10.3-2021.10-win32\gcc-arm-none-eabi-10.3-2021.10\arm-none-eabi\lib\thumb\v6-m\nofp\libc_nano.a(lib_a-findfp.o)
                0x08001b24                __sfp_lock_acquire
 .text.__sfp_lock_release
                0x08001b34       0x10 C:\Users\schro\OneDrive\Documents\ELEC 291\Lab 6\gcc-arm-none-eabi-10.3-2021.10-win32\gcc-arm-none-eabi-10.3-2021.10\arm-none-eabi\lib\thumb\v6-m\nofp\libc_nano.a(lib_a-findfp.o)
                0x08001b34                __sfp_lock_release
 .text.__sinit_lock_acquire
                0x08001b44       0x10 C:\Users\schro\OneDrive\Documents\ELEC 291\Lab 6\gcc-arm-none-eabi-10.3-2021.10-win32\gcc-arm-none-eabi-10.3-2021.10\arm-none-eabi\lib\thumb\v6-m\nofp\libc_nano.a(lib_a-findfp.o)
                0x08001b44                __sinit_lock_acquire
 .text.__sinit_lock_release
                0x08001b54       0x10 C:\Users\schro\OneDrive\Documents\ELEC 291\Lab 6\gcc-arm-none-eabi-10.3-2021.10-win32\gcc-arm-none-eabi-10.3-2021.10\arm-none-eabi\lib\thumb\v6-m\nofp\libc_nano.a(lib_a-findfp.o)
                0x08001b54                __sinit_lock_release
 .text.__sinit  0x08001b64       0x70 C:\Users\schro\OneDrive\Documents\ELEC 291\Lab 6\gcc-arm-none-eabi-10.3-2021.10-win32\gcc-arm-none-eabi-10.3-2021.10\arm-none-eabi\lib\thumb\v6-m\nofp\libc_nano.a(lib_a-findfp.o)
                0x08001b64                __sinit
 .text.__sfp    0x08001bd4       0x90 C:\Users\schro\OneDrive\Documents\ELEC 291\Lab 6\gcc-arm-none-eabi-10.3-2021.10-win32\gcc-arm-none-eabi-10.3-2021.10\arm-none-eabi\lib\thumb\v6-m\nofp\libc_nano.a(lib_a-findfp.o)
                0x08001bd4                __sfp
 .text.__fp_lock_all
                0x08001c64       0x1c C:\Users\schro\OneDrive\Documents\ELEC 291\Lab 6\gcc-arm-none-eabi-10.3-2021.10-win32\gcc-arm-none-eabi-10.3-2021.10\arm-none-eabi\lib\thumb\v6-m\nofp\libc_nano.a(lib_a-findfp.o)
                0x08001c64                __fp_lock_all
 .text.__fp_unlock_all
                0x08001c80       0x1c C:\Users\schro\OneDrive\Documents\ELEC 291\Lab 6\gcc-arm-none-eabi-10.3-2021.10-win32\gcc-arm-none-eabi-10.3-2021.10\arm-none-eabi\lib\thumb\v6-m\nofp\libc_nano.a(lib_a-findfp.o)
                0x08001c80                __fp_unlock_all
 .text          0x08001c9c        0x0 C:\Users\schro\OneDrive\Documents\ELEC 291\Lab 6\gcc-arm-none-eabi-10.3-2021.10-win32\gcc-arm-none-eabi-10.3-2021.10\arm-none-eabi\lib\thumb\v6-m\nofp\libc_nano.a(lib_a-fwalk.o)
 .text._fwalk   0x08001c9c       0x36 C:\Users\schro\OneDrive\Documents\ELEC 291\Lab 6\gcc-arm-none-eabi-10.3-2021.10-win32\gcc-arm-none-eabi-10.3-2021.10\arm-none-eabi\lib\thumb\v6-m\nofp\libc_nano.a(lib_a-fwalk.o)
                0x08001c9c                _fwalk
 .text._fwalk_reent
                0x08001cd2       0x40 C:\Users\schro\OneDrive\Documents\ELEC 291\Lab 6\gcc-arm-none-eabi-10.3-2021.10-win32\gcc-arm-none-eabi-10.3-2021.10\arm-none-eabi\lib\thumb\v6-m\nofp\libc_nano.a(lib_a-fwalk.o)
                0x08001cd2                _fwalk_reent
 .text          0x08001d12        0x0 C:\Users\schro\OneDrive\Documents\ELEC 291\Lab 6\gcc-arm-none-eabi-10.3-2021.10-win32\gcc-arm-none-eabi-10.3-2021.10\arm-none-eabi\lib\thumb\v6-m\nofp\libc_nano.a(lib_a-impure.o)
 .text          0x08001d12        0x0 C:\Users\schro\OneDrive\Documents\ELEC 291\Lab 6\gcc-arm-none-eabi-10.3-2021.10-win32\gcc-arm-none-eabi-10.3-2021.10\arm-none-eabi\lib\thumb\v6-m\nofp\libc_nano.a(lib_a-lock.o)
 .text.__retarget_lock_init
                0x08001d12        0x2 C:\Users\schro\OneDrive\Documents\ELEC 291\Lab 6\gcc-arm-none-eabi-10.3-2021.10-win32\gcc-arm-none-eabi-10.3-2021.10\arm-none-eabi\lib\thumb\v6-m\nofp\libc_nano.a(lib_a-lock.o)
                0x08001d12                __retarget_lock_init
 .text.__retarget_lock_init_recursive
                0x08001d14        0x2 C:\Users\schro\OneDrive\Documents\ELEC 291\Lab 6\gcc-arm-none-eabi-10.3-2021.10-win32\gcc-arm-none-eabi-10.3-2021.10\arm-none-eabi\lib\thumb\v6-m\nofp\libc_nano.a(lib_a-lock.o)
                0x08001d14                __retarget_lock_init_recursive
 .text.__retarget_lock_close
                0x08001d16        0x2 C:\Users\schro\OneDrive\Documents\ELEC 291\Lab 6\gcc-arm-none-eabi-10.3-2021.10-win32\gcc-arm-none-eabi-10.3-2021.10\arm-none-eabi\lib\thumb\v6-m\nofp\libc_nano.a(lib_a-lock.o)
                0x08001d16                __retarget_lock_close
 .text.__retarget_lock_close_recursive
                0x08001d18        0x2 C:\Users\schro\OneDrive\Documents\ELEC 291\Lab 6\gcc-arm-none-eabi-10.3-2021.10-win32\gcc-arm-none-eabi-10.3-2021.10\arm-none-eabi\lib\thumb\v6-m\nofp\libc_nano.a(lib_a-lock.o)
                0x08001d18                __retarget_lock_close_recursive
 .text.__retarget_lock_acquire
                0x08001d1a        0x2 C:\Users\schro\OneDrive\Documents\ELEC 291\Lab 6\gcc-arm-none-eabi-10.3-2021.10-win32\gcc-arm-none-eabi-10.3-2021.10\arm-none-eabi\lib\thumb\v6-m\nofp\libc_nano.a(lib_a-lock.o)
                0x08001d1a                __retarget_lock_acquire
 .text.__retarget_lock_acquire_recursive
                0x08001d1c        0x2 C:\Users\schro\OneDrive\Documents\ELEC 291\Lab 6\gcc-arm-none-eabi-10.3-2021.10-win32\gcc-arm-none-eabi-10.3-2021.10\arm-none-eabi\lib\thumb\v6-m\nofp\libc_nano.a(lib_a-lock.o)
                0x08001d1c                __retarget_lock_acquire_recursive
 .text.__retarget_lock_try_acquire
                0x08001d1e        0x4 C:\Users\schro\OneDrive\Documents\ELEC 291\Lab 6\gcc-arm-none-eabi-10.3-2021.10-win32\gcc-arm-none-eabi-10.3-2021.10\arm-none-eabi\lib\thumb\v6-m\nofp\libc_nano.a(lib_a-lock.o)
                0x08001d1e                __retarget_lock_try_acquire
 .text.__retarget_lock_try_acquire_recursive
                0x08001d22        0x4 C:\Users\schro\OneDrive\Documents\ELEC 291\Lab 6\gcc-arm-none-eabi-10.3-2021.10-win32\gcc-arm-none-eabi-10.3-2021.10\arm-none-eabi\lib\thumb\v6-m\nofp\libc_nano.a(lib_a-lock.o)
                0x08001d22                __retarget_lock_try_acquire_recursive
 .text.__retarget_lock_release
                0x08001d26        0x2 C:\Users\schro\OneDrive\Documents\ELEC 291\Lab 6\gcc-arm-none-eabi-10.3-2021.10-win32\gcc-arm-none-eabi-10.3-2021.10\arm-none-eabi\lib\thumb\v6-m\nofp\libc_nano.a(lib_a-lock.o)
                0x08001d26                __retarget_lock_release
 .text.__retarget_lock_release_recursive
                0x08001d28        0x2 C:\Users\schro\OneDrive\Documents\ELEC 291\Lab 6\gcc-arm-none-eabi-10.3-2021.10-win32\gcc-arm-none-eabi-10.3-2021.10\arm-none-eabi\lib\thumb\v6-m\nofp\libc_nano.a(lib_a-lock.o)
                0x08001d28                __retarget_lock_release_recursive
 .text          0x08001d2a        0x0 C:\Users\schro\OneDrive\Documents\ELEC 291\Lab 6\gcc-arm-none-eabi-10.3-2021.10-win32\gcc-arm-none-eabi-10.3-2021.10\arm-none-eabi\lib\thumb\v6-m\nofp\libc_nano.a(lib_a-makebuf.o)
 *fill*         0x08001d2a        0x2 
 .text.__swhatbuf_r
                0x08001d2c       0x50 C:\Users\schro\OneDrive\Documents\ELEC 291\Lab 6\gcc-arm-none-eabi-10.3-2021.10-win32\gcc-arm-none-eabi-10.3-2021.10\arm-none-eabi\lib\thumb\v6-m\nofp\libc_nano.a(lib_a-makebuf.o)
                0x08001d2c                __swhatbuf_r
 .text.__smakebuf_r
                0x08001d7c       0x88 C:\Users\schro\OneDrive\Documents\ELEC 291\Lab 6\gcc-arm-none-eabi-10.3-2021.10-win32\gcc-arm-none-eabi-10.3-2021.10\arm-none-eabi\lib\thumb\v6-m\nofp\libc_nano.a(lib_a-makebuf.o)
                0x08001d7c                __smakebuf_r
 .text          0x08001e04        0x0 C:\Users\schro\OneDrive\Documents\ELEC 291\Lab 6\gcc-arm-none-eabi-10.3-2021.10-win32\gcc-arm-none-eabi-10.3-2021.10\arm-none-eabi\lib\thumb\v6-m\nofp\libc_nano.a(lib_a-memset.o)
 .text.memset   0x08001e04       0x10 C:\Users\schro\OneDrive\Documents\ELEC 291\Lab 6\gcc-arm-none-eabi-10.3-2021.10-win32\gcc-arm-none-eabi-10.3-2021.10\arm-none-eabi\lib\thumb\v6-m\nofp\libc_nano.a(lib_a-memset.o)
                0x08001e04                memset
 .text          0x08001e14        0x0 C:\Users\schro\OneDrive\Documents\ELEC 291\Lab 6\gcc-arm-none-eabi-10.3-2021.10-win32\gcc-arm-none-eabi-10.3-2021.10\arm-none-eabi\lib\thumb\v6-m\nofp\libc_nano.a(lib_a-nano-freer.o)
 .text._free_r  0x08001e14       0x94 C:\Users\schro\OneDrive\Documents\ELEC 291\Lab 6\gcc-arm-none-eabi-10.3-2021.10-win32\gcc-arm-none-eabi-10.3-2021.10\arm-none-eabi\lib\thumb\v6-m\nofp\libc_nano.a(lib_a-nano-freer.o)
                0x08001e14                _free_r
 .text          0x08001ea8        0x0 C:\Users\schro\OneDrive\Documents\ELEC 291\Lab 6\gcc-arm-none-eabi-10.3-2021.10-win32\gcc-arm-none-eabi-10.3-2021.10\arm-none-eabi\lib\thumb\v6-m\nofp\libc_nano.a(lib_a-nano-mallocr.o)
 .text.sbrk_aligned
                0x08001ea8       0x44 C:\Users\schro\OneDrive\Documents\ELEC 291\Lab 6\gcc-arm-none-eabi-10.3-2021.10-win32\gcc-arm-none-eabi-10.3-2021.10\arm-none-eabi\lib\thumb\v6-m\nofp\libc_nano.a(lib_a-nano-mallocr.o)
 .text._malloc_r
                0x08001eec       0xec C:\Users\schro\OneDrive\Documents\ELEC 291\Lab 6\gcc-arm-none-eabi-10.3-2021.10-win32\gcc-arm-none-eabi-10.3-2021.10\arm-none-eabi\lib\thumb\v6-m\nofp\libc_nano.a(lib_a-nano-mallocr.o)
                0x08001eec                _malloc_r
 .text          0x08001fd8        0x0 C:\Users\schro\OneDrive\Documents\ELEC 291\Lab 6\gcc-arm-none-eabi-10.3-2021.10-win32\gcc-arm-none-eabi-10.3-2021.10\arm-none-eabi\lib\thumb\v6-m\nofp\libc_nano.a(lib_a-nano-svfprintf.o)
 .text.__ssputs_r
                0x08001fd8       0xc4 C:\Users\schro\OneDrive\Documents\ELEC 291\Lab 6\gcc-arm-none-eabi-10.3-2021.10-win32\gcc-arm-none-eabi-10.3-2021.10\arm-none-eabi\lib\thumb\v6-m\nofp\libc_nano.a(lib_a-nano-svfprintf.o)
                0x08001fd8                __ssputs_r
 .text.__ssprint_r
                0x0800209c      0x100 C:\Users\schro\OneDrive\Documents\ELEC 291\Lab 6\gcc-arm-none-eabi-10.3-2021.10-win32\gcc-arm-none-eabi-10.3-2021.10\arm-none-eabi\lib\thumb\v6-m\nofp\libc_nano.a(lib_a-nano-svfprintf.o)
                0x0800209c                __ssprint_r
 .text._svfprintf_r
                0x0800219c      0x200 C:\Users\schro\OneDrive\Documents\ELEC 291\Lab 6\gcc-arm-none-eabi-10.3-2021.10-win32\gcc-arm-none-eabi-10.3-2021.10\arm-none-eabi\lib\thumb\v6-m\nofp\libc_nano.a(lib_a-nano-svfprintf.o)
                0x0800219c                _svfiprintf_r
                0x0800219c                _svfprintf_r
 .text          0x0800239c        0x0 C:\Users\schro\OneDrive\Documents\ELEC 291\Lab 6\gcc-arm-none-eabi-10.3-2021.10-win32\gcc-arm-none-eabi-10.3-2021.10\arm-none-eabi\lib\thumb\v6-m\nofp\libc_nano.a(lib_a-nano-vfprintf.o)
 .text.__sfputc_r
                0x0800239c       0x2a C:\Users\schro\OneDrive\Documents\ELEC 291\Lab 6\gcc-arm-none-eabi-10.3-2021.10-win32\gcc-arm-none-eabi-10.3-2021.10\arm-none-eabi\lib\thumb\v6-m\nofp\libc_nano.a(lib_a-nano-vfprintf.o)
 .text.__sfputs_r
                0x080023c6       0x24 C:\Users\schro\OneDrive\Documents\ELEC 291\Lab 6\gcc-arm-none-eabi-10.3-2021.10-win32\gcc-arm-none-eabi-10.3-2021.10\arm-none-eabi\lib\thumb\v6-m\nofp\libc_nano.a(lib_a-nano-vfprintf.o)
                0x080023c6                __sfputs_r
 .text.__sprint_r
                0x080023ea       0x1c C:\Users\schro\OneDrive\Documents\ELEC 291\Lab 6\gcc-arm-none-eabi-10.3-2021.10-win32\gcc-arm-none-eabi-10.3-2021.10\arm-none-eabi\lib\thumb\v6-m\nofp\libc_nano.a(lib_a-nano-vfprintf.o)
                0x080023ea                __sprint_r
 *fill*         0x08002406        0x2 
 .text._vfprintf_r
                0x08002408      0x274 C:\Users\schro\OneDrive\Documents\ELEC 291\Lab 6\gcc-arm-none-eabi-10.3-2021.10-win32\gcc-arm-none-eabi-10.3-2021.10\arm-none-eabi\lib\thumb\v6-m\nofp\libc_nano.a(lib_a-nano-vfprintf.o)
                0x08002408                _vfprintf_r
                0x08002408                _vfiprintf_r
 .text.vfprintf
                0x0800267c       0x18 C:\Users\schro\OneDrive\Documents\ELEC 291\Lab 6\gcc-arm-none-eabi-10.3-2021.10-win32\gcc-arm-none-eabi-10.3-2021.10\arm-none-eabi\lib\thumb\v6-m\nofp\libc_nano.a(lib_a-nano-vfprintf.o)
                0x0800267c                vfprintf
                0x0800267c                vfiprintf
 .text          0x08002694        0x0 C:\Users\schro\OneDrive\Documents\ELEC 291\Lab 6\gcc-arm-none-eabi-10.3-2021.10-win32\gcc-arm-none-eabi-10.3-2021.10\arm-none-eabi\lib\thumb\v6-m\nofp\libc_nano.a(lib_a-nano-vfprintf_i.o)
 .text._printf_common
                0x08002694       0xde C:\Users\schro\OneDrive\Documents\ELEC 291\Lab 6\gcc-arm-none-eabi-10.3-2021.10-win32\gcc-arm-none-eabi-10.3-2021.10\arm-none-eabi\lib\thumb\v6-m\nofp\libc_nano.a(lib_a-nano-vfprintf_i.o)
                0x08002694                _printf_common
 *fill*         0x08002772        0x2 
 .text._printf_i
                0x08002774      0x224 C:\Users\schro\OneDrive\Documents\ELEC 291\Lab 6\gcc-arm-none-eabi-10.3-2021.10-win32\gcc-arm-none-eabi-10.3-2021.10\arm-none-eabi\lib\thumb\v6-m\nofp\libc_nano.a(lib_a-nano-vfprintf_i.o)
                0x08002774                _printf_i
 .text          0x08002998        0x0 C:\Users\schro\OneDrive\Documents\ELEC 291\Lab 6\gcc-arm-none-eabi-10.3-2021.10-win32\gcc-arm-none-eabi-10.3-2021.10\arm-none-eabi\lib\thumb\v6-m\nofp\libc_nano.a(lib_a-sbrkr.o)
 .text._sbrk_r  0x08002998       0x24 C:\Users\schro\OneDrive\Documents\ELEC 291\Lab 6\gcc-arm-none-eabi-10.3-2021.10-win32\gcc-arm-none-eabi-10.3-2021.10\arm-none-eabi\lib\thumb\v6-m\nofp\libc_nano.a(lib_a-sbrkr.o)
                0x08002998                _sbrk_r
 .text          0x080029bc        0x0 C:\Users\schro\OneDrive\Documents\ELEC 291\Lab 6\gcc-arm-none-eabi-10.3-2021.10-win32\gcc-arm-none-eabi-10.3-2021.10\arm-none-eabi\lib\thumb\v6-m\nofp\libc_nano.a(lib_a-stdio.o)
 .text.__sread  0x080029bc       0x28 C:\Users\schro\OneDrive\Documents\ELEC 291\Lab 6\gcc-arm-none-eabi-10.3-2021.10-win32\gcc-arm-none-eabi-10.3-2021.10\arm-none-eabi\lib\thumb\v6-m\nofp\libc_nano.a(lib_a-stdio.o)
                0x080029bc                __sread
 .text.__seofread
                0x080029e4        0x4 C:\Users\schro\OneDrive\Documents\ELEC 291\Lab 6\gcc-arm-none-eabi-10.3-2021.10-win32\gcc-arm-none-eabi-10.3-2021.10\arm-none-eabi\lib\thumb\v6-m\nofp\libc_nano.a(lib_a-stdio.o)
                0x080029e4                __seofread
 .text.__swrite
                0x080029e8       0x38 C:\Users\schro\OneDrive\Documents\ELEC 291\Lab 6\gcc-arm-none-eabi-10.3-2021.10-win32\gcc-arm-none-eabi-10.3-2021.10\arm-none-eabi\lib\thumb\v6-m\nofp\libc_nano.a(lib_a-stdio.o)
                0x080029e8                __swrite
 .text.__sseek  0x08002a20       0x2c C:\Users\schro\OneDrive\Documents\ELEC 291\Lab 6\gcc-arm-none-eabi-10.3-2021.10-win32\gcc-arm-none-eabi-10.3-2021.10\arm-none-eabi\lib\thumb\v6-m\nofp\libc_nano.a(lib_a-stdio.o)
                0x08002a20                __sseek
 .text.__sclose
                0x08002a4c        0xc C:\Users\schro\OneDrive\Documents\ELEC 291\Lab 6\gcc-arm-none-eabi-10.3-2021.10-win32\gcc-arm-none-eabi-10.3-2021.10\arm-none-eabi\lib\thumb\v6-m\nofp\libc_nano.a(lib_a-stdio.o)
                0x08002a4c                __sclose
 .text          0x08002a58        0x0 C:\Users\schro\OneDrive\Documents\ELEC 291\Lab 6\gcc-arm-none-eabi-10.3-2021.10-win32\gcc-arm-none-eabi-10.3-2021.10\arm-none-eabi\lib\thumb\v6-m\nofp\libc_nano.a(lib_a-writer.o)
 .text._write_r
                0x08002a58       0x28 C:\Users\schro\OneDrive\Documents\ELEC 291\Lab 6\gcc-arm-none-eabi-10.3-2021.10-win32\gcc-arm-none-eabi-10.3-2021.10\arm-none-eabi\lib\thumb\v6-m\nofp\libc_nano.a(lib_a-writer.o)
                0x08002a58                _write_r
 .text          0x08002a80        0x0 C:\Users\schro\OneDrive\Documents\ELEC 291\Lab 6\gcc-arm-none-eabi-10.3-2021.10-win32\gcc-arm-none-eabi-10.3-2021.10\arm-none-eabi\lib\thumb\v6-m\nofp\libc_nano.a(lib_a-closer.o)
 .text._close_r
                0x08002a80       0x24 C:\Users\schro\OneDrive\Documents\ELEC 291\Lab 6\gcc-arm-none-eabi-10.3-2021.10-win32\gcc-arm-none-eabi-10.3-2021.10\arm-none-eabi\lib\thumb\v6-m\nofp\libc_nano.a(lib_a-closer.o)
                0x08002a80                _close_r
 .text          0x08002aa4        0x0 C:\Users\schro\OneDrive\Documents\ELEC 291\Lab 6\gcc-arm-none-eabi-10.3-2021.10-win32\gcc-arm-none-eabi-10.3-2021.10\arm-none-eabi\lib\thumb\v6-m\nofp\libc_nano.a(lib_a-fstatr.o)
 .text._fstat_r
                0x08002aa4       0x24 C:\Users\schro\OneDrive\Documents\ELEC 291\Lab 6\gcc-arm-none-eabi-10.3-2021.10-win32\gcc-arm-none-eabi-10.3-2021.10\arm-none-eabi\lib\thumb\v6-m\nofp\libc_nano.a(lib_a-fstatr.o)
                0x08002aa4                _fstat_r
 .text          0x08002ac8        0x0 C:\Users\schro\OneDrive\Documents\ELEC 291\Lab 6\gcc-arm-none-eabi-10.3-2021.10-win32\gcc-arm-none-eabi-10.3-2021.10\arm-none-eabi\lib\thumb\v6-m\nofp\libc_nano.a(lib_a-fvwrite.o)
 .text.__sfvwrite_r
                0x08002ac8      0x2d0 C:\Users\schro\OneDrive\Documents\ELEC 291\Lab 6\gcc-arm-none-eabi-10.3-2021.10-win32\gcc-arm-none-eabi-10.3-2021.10\arm-none-eabi\lib\thumb\v6-m\nofp\libc_nano.a(lib_a-fvwrite.o)
                0x08002ac8                __sfvwrite_r
 .text          0x08002d98        0x0 C:\Users\schro\OneDrive\Documents\ELEC 291\Lab 6\gcc-arm-none-eabi-10.3-2021.10-win32\gcc-arm-none-eabi-10.3-2021.10\arm-none-eabi\lib\thumb\v6-m\nofp\libc_nano.a(lib_a-isattyr.o)
 .text._isatty_r
                0x08002d98       0x24 C:\Users\schro\OneDrive\Documents\ELEC 291\Lab 6\gcc-arm-none-eabi-10.3-2021.10-win32\gcc-arm-none-eabi-10.3-2021.10\arm-none-eabi\lib\thumb\v6-m\nofp\libc_nano.a(lib_a-isattyr.o)
                0x08002d98                _isatty_r
 .text          0x08002dbc        0x0 C:\Users\schro\OneDrive\Documents\ELEC 291\Lab 6\gcc-arm-none-eabi-10.3-2021.10-win32\gcc-arm-none-eabi-10.3-2021.10\arm-none-eabi\lib\thumb\v6-m\nofp\libc_nano.a(lib_a-lseekr.o)
 .text._lseek_r
                0x08002dbc       0x28 C:\Users\schro\OneDrive\Documents\ELEC 291\Lab 6\gcc-arm-none-eabi-10.3-2021.10-win32\gcc-arm-none-eabi-10.3-2021.10\arm-none-eabi\lib\thumb\v6-m\nofp\libc_nano.a(lib_a-lseekr.o)
                0x08002dbc                _lseek_r
 .text          0x08002de4        0x0 C:\Users\schro\OneDrive\Documents\ELEC 291\Lab 6\gcc-arm-none-eabi-10.3-2021.10-win32\gcc-arm-none-eabi-10.3-2021.10\arm-none-eabi\lib\thumb\v6-m\nofp\libc_nano.a(lib_a-memchr-stub.o)
 .text.memchr   0x08002de4       0x16 C:\Users\schro\OneDrive\Documents\ELEC 291\Lab 6\gcc-arm-none-eabi-10.3-2021.10-win32\gcc-arm-none-eabi-10.3-2021.10\arm-none-eabi\lib\thumb\v6-m\nofp\libc_nano.a(lib_a-memchr-stub.o)
                0x08002de4                memchr
 .text          0x08002dfa        0x0 C:\Users\schro\OneDrive\Documents\ELEC 291\Lab 6\gcc-arm-none-eabi-10.3-2021.10-win32\gcc-arm-none-eabi-10.3-2021.10\arm-none-eabi\lib\thumb\v6-m\nofp\libc_nano.a(lib_a-memcpy-stub.o)
 .text.memcpy   0x08002dfa       0x12 C:\Users\schro\OneDrive\Documents\ELEC 291\Lab 6\gcc-arm-none-eabi-10.3-2021.10-win32\gcc-arm-none-eabi-10.3-2021.10\arm-none-eabi\lib\thumb\v6-m\nofp\libc_nano.a(lib_a-memcpy-stub.o)
                0x08002dfa                memcpy
 .text          0x08002e0c        0x0 C:\Users\schro\OneDrive\Documents\ELEC 291\Lab 6\gcc-arm-none-eabi-10.3-2021.10-win32\gcc-arm-none-eabi-10.3-2021.10\arm-none-eabi\lib\thumb\v6-m\nofp\libc_nano.a(lib_a-memmove.o)
 .text.memmove  0x08002e0c       0x26 C:\Users\schro\OneDrive\Documents\ELEC 291\Lab 6\gcc-arm-none-eabi-10.3-2021.10-win32\gcc-arm-none-eabi-10.3-2021.10\arm-none-eabi\lib\thumb\v6-m\nofp\libc_nano.a(lib_a-memmove.o)
                0x08002e0c                memmove
 .text          0x08002e32        0x0 C:\Users\schro\OneDrive\Documents\ELEC 291\Lab 6\gcc-arm-none-eabi-10.3-2021.10-win32\gcc-arm-none-eabi-10.3-2021.10\arm-none-eabi\lib\thumb\v6-m\nofp\libc_nano.a(lib_a-mlock.o)
 *fill*         0x08002e32        0x2 
 .text.__malloc_lock
                0x08002e34       0x10 C:\Users\schro\OneDrive\Documents\ELEC 291\Lab 6\gcc-arm-none-eabi-10.3-2021.10-win32\gcc-arm-none-eabi-10.3-2021.10\arm-none-eabi\lib\thumb\v6-m\nofp\libc_nano.a(lib_a-mlock.o)
                0x08002e34                __malloc_lock
 .text.__malloc_unlock
                0x08002e44       0x10 C:\Users\schro\OneDrive\Documents\ELEC 291\Lab 6\gcc-arm-none-eabi-10.3-2021.10-win32\gcc-arm-none-eabi-10.3-2021.10\arm-none-eabi\lib\thumb\v6-m\nofp\libc_nano.a(lib_a-mlock.o)
                0x08002e44                __malloc_unlock
 .text          0x08002e54        0x0 C:\Users\schro\OneDrive\Documents\ELEC 291\Lab 6\gcc-arm-none-eabi-10.3-2021.10-win32\gcc-arm-none-eabi-10.3-2021.10\arm-none-eabi\lib\thumb\v6-m\nofp\libc_nano.a(lib_a-nano-reallocr.o)
 .text._realloc_r
                0x08002e54       0x5e C:\Users\schro\OneDrive\Documents\ELEC 291\Lab 6\gcc-arm-none-eabi-10.3-2021.10-win32\gcc-arm-none-eabi-10.3-2021.10\arm-none-eabi\lib\thumb\v6-m\nofp\libc_nano.a(lib_a-nano-reallocr.o)
                0x08002e54                _realloc_r
 .text          0x08002eb2        0x0 C:\Users\schro\OneDrive\Documents\ELEC 291\Lab 6\gcc-arm-none-eabi-10.3-2021.10-win32\gcc-arm-none-eabi-10.3-2021.10\arm-none-eabi\lib\thumb\v6-m\nofp\libc_nano.a(lib_a-readr.o)
 *fill*         0x08002eb2        0x2 
 .text._read_r  0x08002eb4       0x28 C:\Users\schro\OneDrive\Documents\ELEC 291\Lab 6\gcc-arm-none-eabi-10.3-2021.10-win32\gcc-arm-none-eabi-10.3-2021.10\arm-none-eabi\lib\thumb\v6-m\nofp\libc_nano.a(lib_a-readr.o)
                0x08002eb4                _read_r
 .text          0x08002edc        0x0 C:\Users\schro\OneDrive\Documents\ELEC 291\Lab 6\gcc-arm-none-eabi-10.3-2021.10-win32\gcc-arm-none-eabi-10.3-2021.10\arm-none-eabi\lib\thumb\v6-m\nofp\libc_nano.a(lib_a-nano-msizer.o)
 .text._malloc_usable_size_r
                0x08002edc       0x10 C:\Users\schro\OneDrive\Documents\ELEC 291\Lab 6\gcc-arm-none-eabi-10.3-2021.10-win32\gcc-arm-none-eabi-10.3-2021.10\arm-none-eabi\lib\thumb\v6-m\nofp\libc_nano.a(lib_a-nano-msizer.o)
                0x08002edc                _malloc_usable_size_r
 .text          0x08002eec       0x14 C:\Users\schro\OneDrive\Documents\ELEC 291\Lab 6\gcc-arm-none-eabi-10.3-2021.10-win32\gcc-arm-none-eabi-10.3-2021.10\lib\gcc\arm-none-eabi\10.3.1\thumb\v6-m\nofp\libgcc.a(_thumb1_case_shi.o)
                0x08002eec                __gnu_thumb1_case_shi
 .text          0x08002f00      0x114 C:\Users\schro\OneDrive\Documents\ELEC 291\Lab 6\gcc-arm-none-eabi-10.3-2021.10-win32\gcc-arm-none-eabi-10.3-2021.10\lib\gcc\arm-none-eabi\10.3.1\thumb\v6-m\nofp\libgcc.a(_udivsi3.o)
                0x08002f00                __aeabi_uidiv
                0x08002f00                __udivsi3
                0x0800300c                __aeabi_uidivmod
 *(.rodata*)
 .rodata        0x08003014       0xef main.o
 *fill*         0x08003103        0x1 
 .rodata        0x08003104       0x7c startup.o
 .rodata.__sf_fake_stderr
                0x08003180       0x20 C:\Users\schro\OneDrive\Documents\ELEC 291\Lab 6\gcc-arm-none-eabi-10.3-2021.10-win32\gcc-arm-none-eabi-10.3-2021.10\arm-none-eabi\lib\thumb\v6-m\nofp\libc_nano.a(lib_a-findfp.o)
                0x08003180                __sf_fake_stderr
 .rodata.__sf_fake_stdin
                0x080031a0       0x20 C:\Users\schro\OneDrive\Documents\ELEC 291\Lab 6\gcc-arm-none-eabi-10.3-2021.10-win32\gcc-arm-none-eabi-10.3-2021.10\arm-none-eabi\lib\thumb\v6-m\nofp\libc_nano.a(lib_a-findfp.o)
                0x080031a0                __sf_fake_stdin
 .rodata.__sf_fake_stdout
                0x080031c0       0x20 C:\Users\schro\OneDrive\Documents\ELEC 291\Lab 6\gcc-arm-none-eabi-10.3-2021.10-win32\gcc-arm-none-eabi-10.3-2021.10\arm-none-eabi\lib\thumb\v6-m\nofp\libc_nano.a(lib_a-findfp.o)
                0x080031c0                __sf_fake_stdout
 .rodata._global_impure_ptr
                0x080031e0        0x4 C:\Users\schro\OneDrive\Documents\ELEC 291\Lab 6\gcc-arm-none-eabi-10.3-2021.10-win32\gcc-arm-none-eabi-10.3-2021.10\arm-none-eabi\lib\thumb\v6-m\nofp\libc_nano.a(lib_a-impure.o)
                0x080031e0                _global_impure_ptr
 .rodata._svfprintf_r.str1.1
                0x080031e4       0x11 C:\Users\schro\OneDrive\Documents\ELEC 291\Lab 6\gcc-arm-none-eabi-10.3-2021.10-win32\gcc-arm-none-eabi-10.3-2021.10\arm-none-eabi\lib\thumb\v6-m\nofp\libc_nano.a(lib_a-nano-svfprintf.o)
 .rodata._vfprintf_r.str1.1
                0x080031f5       0x11 C:\Users\schro\OneDrive\Documents\ELEC 291\Lab 6\gcc-arm-none-eabi-10.3-2021.10-win32\gcc-arm-none-eabi-10.3-2021.10\arm-none-eabi\lib\thumb\v6-m\nofp\libc_nano.a(lib_a-nano-vfprintf.o)
 .rodata._printf_i.str1.1
                0x080031f5       0x22 C:\Users\schro\OneDrive\Documents\ELEC 291\Lab 6\gcc-arm-none-eabi-10.3-2021.10-win32\gcc-arm-none-eabi-10.3-2021.10\arm-none-eabi\lib\thumb\v6-m\nofp\libc_nano.a(lib_a-nano-vfprintf_i.o)
                0x08003218                . = ALIGN (0x4)
 *fill*         0x08003217        0x1 
                0x08003218                PROVIDE (__init_array_start = .)
 *(SORT_BY_NAME(.init_array.*))
 *(.init_array)
                0x08003218                PROVIDE (__init_array_end = .)
                0x08003218                . = ALIGN (0x4)
                0x08003218                _etext = .

.glue_7         0x08003218        0x0
 .glue_7        0x08003218        0x0 linker stubs

.glue_7t        0x08003218        0x0
 .glue_7t       0x08003218        0x0 linker stubs

.vfp11_veneer   0x08003218        0x0
 .vfp11_veneer  0x08003218        0x0 linker stubs

.v4_bx          0x08003218        0x0
 .v4_bx         0x08003218        0x0 linker stubs

.iplt           0x08003218        0x0
 .iplt          0x08003218        0x0 main.o

.rel.dyn        0x08003218        0x0
 .rel.iplt      0x08003218        0x0 main.o

.data           0x20000000       0x68 load address 0x08003218
                0x20000000                . = ALIGN (0x4)
                0x20000000                _data = .
 *(.data*)
 .data          0x20000000        0x0 main.o
 .data          0x20000000        0x0 serial.o
 .data          0x20000000        0x0 UART2.o
 .data          0x20000000        0x0 startup.o
 .data          0x20000000        0x4 newlib_stubs.o
                0x20000000                environ
 .data          0x20000004        0x0 C:\Users\schro\OneDrive\Documents\ELEC 291\Lab 6\gcc-arm-none-eabi-10.3-2021.10-win32\gcc-arm-none-eabi-10.3-2021.10\arm-none-eabi\lib\thumb\v6-m\nofp\libnosys.a(errno.o)
 .data          0x20000004        0x0 C:\Users\schro\OneDrive\Documents\ELEC 291\Lab 6\gcc-arm-none-eabi-10.3-2021.10-win32\gcc-arm-none-eabi-10.3-2021.10\lib\gcc\arm-none-eabi\10.3.1\thumb\v6-m\nofp\libgcc.a(_divsi3.o)
 .data          0x20000004        0x0 C:\Users\schro\OneDrive\Documents\ELEC 291\Lab 6\gcc-arm-none-eabi-10.3-2021.10-win32\gcc-arm-none-eabi-10.3-2021.10\lib\gcc\arm-none-eabi\10.3.1\thumb\v6-m\nofp\libgcc.a(_dvmd_tls.o)
 .data          0x20000004        0x0 C:\Users\schro\OneDrive\Documents\ELEC 291\Lab 6\gcc-arm-none-eabi-10.3-2021.10-win32\gcc-arm-none-eabi-10.3-2021.10\arm-none-eabi\lib\thumb\v6-m\nofp\libc_nano.a(lib_a-printf.o)
 .data          0x20000004        0x0 C:\Users\schro\OneDrive\Documents\ELEC 291\Lab 6\gcc-arm-none-eabi-10.3-2021.10-win32\gcc-arm-none-eabi-10.3-2021.10\arm-none-eabi\lib\thumb\v6-m\nofp\libc_nano.a(lib_a-puts.o)
 .data          0x20000004        0x0 C:\Users\schro\OneDrive\Documents\ELEC 291\Lab 6\gcc-arm-none-eabi-10.3-2021.10-win32\gcc-arm-none-eabi-10.3-2021.10\arm-none-eabi\lib\thumb\v6-m\nofp\libc_nano.a(lib_a-sprintf.o)
 .data          0x20000004        0x0 C:\Users\schro\OneDrive\Documents\ELEC 291\Lab 6\gcc-arm-none-eabi-10.3-2021.10-win32\gcc-arm-none-eabi-10.3-2021.10\arm-none-eabi\lib\thumb\v6-m\nofp\libc_nano.a(lib_a-wbuf.o)
 .data          0x20000004        0x0 C:\Users\schro\OneDrive\Documents\ELEC 291\Lab 6\gcc-arm-none-eabi-10.3-2021.10-win32\gcc-arm-none-eabi-10.3-2021.10\arm-none-eabi\lib\thumb\v6-m\nofp\libc_nano.a(lib_a-wsetup.o)
 .data          0x20000004        0x0 C:\Users\schro\OneDrive\Documents\ELEC 291\Lab 6\gcc-arm-none-eabi-10.3-2021.10-win32\gcc-arm-none-eabi-10.3-2021.10\arm-none-eabi\lib\thumb\v6-m\nofp\libc_nano.a(lib_a-fflush.o)
 .data          0x20000004        0x0 C:\Users\schro\OneDrive\Documents\ELEC 291\Lab 6\gcc-arm-none-eabi-10.3-2021.10-win32\gcc-arm-none-eabi-10.3-2021.10\arm-none-eabi\lib\thumb\v6-m\nofp\libc_nano.a(lib_a-findfp.o)
 .data          0x20000004        0x0 C:\Users\schro\OneDrive\Documents\ELEC 291\Lab 6\gcc-arm-none-eabi-10.3-2021.10-win32\gcc-arm-none-eabi-10.3-2021.10\arm-none-eabi\lib\thumb\v6-m\nofp\libc_nano.a(lib_a-fwalk.o)
 .data          0x20000004        0x0 C:\Users\schro\OneDrive\Documents\ELEC 291\Lab 6\gcc-arm-none-eabi-10.3-2021.10-win32\gcc-arm-none-eabi-10.3-2021.10\arm-none-eabi\lib\thumb\v6-m\nofp\libc_nano.a(lib_a-impure.o)
 .data._impure_ptr
                0x20000004        0x4 C:\Users\schro\OneDrive\Documents\ELEC 291\Lab 6\gcc-arm-none-eabi-10.3-2021.10-win32\gcc-arm-none-eabi-10.3-2021.10\arm-none-eabi\lib\thumb\v6-m\nofp\libc_nano.a(lib_a-impure.o)
                0x20000004                _impure_ptr
 .data.impure_data
                0x20000008       0x60 C:\Users\schro\OneDrive\Documents\ELEC 291\Lab 6\gcc-arm-none-eabi-10.3-2021.10-win32\gcc-arm-none-eabi-10.3-2021.10\arm-none-eabi\lib\thumb\v6-m\nofp\libc_nano.a(lib_a-impure.o)
 .data          0x20000068        0x0 C:\Users\schro\OneDrive\Documents\ELEC 291\Lab 6\gcc-arm-none-eabi-10.3-2021.10-win32\gcc-arm-none-eabi-10.3-2021.10\arm-none-eabi\lib\thumb\v6-m\nofp\libc_nano.a(lib_a-lock.o)
 .data          0x20000068        0x0 C:\Users\schro\OneDrive\Documents\ELEC 291\Lab 6\gcc-arm-none-eabi-10.3-2021.10-win32\gcc-arm-none-eabi-10.3-2021.10\arm-none-eabi\lib\thumb\v6-m\nofp\libc_nano.a(lib_a-makebuf.o)
 .data          0x20000068        0x0 C:\Users\schro\OneDrive\Documents\ELEC 291\Lab 6\gcc-arm-none-eabi-10.3-2021.10-win32\gcc-arm-none-eabi-10.3-2021.10\arm-none-eabi\lib\thumb\v6-m\nofp\libc_nano.a(lib_a-memset.o)
 .data          0x20000068        0x0 C:\Users\schro\OneDrive\Documents\ELEC 291\Lab 6\gcc-arm-none-eabi-10.3-2021.10-win32\gcc-arm-none-eabi-10.3-2021.10\arm-none-eabi\lib\thumb\v6-m\nofp\libc_nano.a(lib_a-nano-freer.o)
 .data          0x20000068        0x0 C:\Users\schro\OneDrive\Documents\ELEC 291\Lab 6\gcc-arm-none-eabi-10.3-2021.10-win32\gcc-arm-none-eabi-10.3-2021.10\arm-none-eabi\lib\thumb\v6-m\nofp\libc_nano.a(lib_a-nano-mallocr.o)
 .data          0x20000068        0x0 C:\Users\schro\OneDrive\Documents\ELEC 291\Lab 6\gcc-arm-none-eabi-10.3-2021.10-win32\gcc-arm-none-eabi-10.3-2021.10\arm-none-eabi\lib\thumb\v6-m\nofp\libc_nano.a(lib_a-nano-svfprintf.o)
 .data          0x20000068        0x0 C:\Users\schro\OneDrive\Documents\ELEC 291\Lab 6\gcc-arm-none-eabi-10.3-2021.10-win32\gcc-arm-none-eabi-10.3-2021.10\arm-none-eabi\lib\thumb\v6-m\nofp\libc_nano.a(lib_a-nano-vfprintf.o)
 .data          0x20000068        0x0 C:\Users\schro\OneDrive\Documents\ELEC 291\Lab 6\gcc-arm-none-eabi-10.3-2021.10-win32\gcc-arm-none-eabi-10.3-2021.10\arm-none-eabi\lib\thumb\v6-m\nofp\libc_nano.a(lib_a-nano-vfprintf_i.o)
 .data          0x20000068        0x0 C:\Users\schro\OneDrive\Documents\ELEC 291\Lab 6\gcc-arm-none-eabi-10.3-2021.10-win32\gcc-arm-none-eabi-10.3-2021.10\arm-none-eabi\lib\thumb\v6-m\nofp\libc_nano.a(lib_a-sbrkr.o)
 .data          0x20000068        0x0 C:\Users\schro\OneDrive\Documents\ELEC 291\Lab 6\gcc-arm-none-eabi-10.3-2021.10-win32\gcc-arm-none-eabi-10.3-2021.10\arm-none-eabi\lib\thumb\v6-m\nofp\libc_nano.a(lib_a-stdio.o)
 .data          0x20000068        0x0 C:\Users\schro\OneDrive\Documents\ELEC 291\Lab 6\gcc-arm-none-eabi-10.3-2021.10-win32\gcc-arm-none-eabi-10.3-2021.10\arm-none-eabi\lib\thumb\v6-m\nofp\libc_nano.a(lib_a-writer.o)
 .data          0x20000068        0x0 C:\Users\schro\OneDrive\Documents\ELEC 291\Lab 6\gcc-arm-none-eabi-10.3-2021.10-win32\gcc-arm-none-eabi-10.3-2021.10\arm-none-eabi\lib\thumb\v6-m\nofp\libc_nano.a(lib_a-closer.o)
 .data          0x20000068        0x0 C:\Users\schro\OneDrive\Documents\ELEC 291\Lab 6\gcc-arm-none-eabi-10.3-2021.10-win32\gcc-arm-none-eabi-10.3-2021.10\arm-none-eabi\lib\thumb\v6-m\nofp\libc_nano.a(lib_a-fstatr.o)
 .data          0x20000068        0x0 C:\Users\schro\OneDrive\Documents\ELEC 291\Lab 6\gcc-arm-none-eabi-10.3-2021.10-win32\gcc-arm-none-eabi-10.3-2021.10\arm-none-eabi\lib\thumb\v6-m\nofp\libc_nano.a(lib_a-fvwrite.o)
 .data          0x20000068        0x0 C:\Users\schro\OneDrive\Documents\ELEC 291\Lab 6\gcc-arm-none-eabi-10.3-2021.10-win32\gcc-arm-none-eabi-10.3-2021.10\arm-none-eabi\lib\thumb\v6-m\nofp\libc_nano.a(lib_a-isattyr.o)
 .data          0x20000068        0x0 C:\Users\schro\OneDrive\Documents\ELEC 291\Lab 6\gcc-arm-none-eabi-10.3-2021.10-win32\gcc-arm-none-eabi-10.3-2021.10\arm-none-eabi\lib\thumb\v6-m\nofp\libc_nano.a(lib_a-lseekr.o)
 .data          0x20000068        0x0 C:\Users\schro\OneDrive\Documents\ELEC 291\Lab 6\gcc-arm-none-eabi-10.3-2021.10-win32\gcc-arm-none-eabi-10.3-2021.10\arm-none-eabi\lib\thumb\v6-m\nofp\libc_nano.a(lib_a-memchr-stub.o)
 .data          0x20000068        0x0 C:\Users\schro\OneDrive\Documents\ELEC 291\Lab 6\gcc-arm-none-eabi-10.3-2021.10-win32\gcc-arm-none-eabi-10.3-2021.10\arm-none-eabi\lib\thumb\v6-m\nofp\libc_nano.a(lib_a-memcpy-stub.o)
 .data          0x20000068        0x0 C:\Users\schro\OneDrive\Documents\ELEC 291\Lab 6\gcc-arm-none-eabi-10.3-2021.10-win32\gcc-arm-none-eabi-10.3-2021.10\arm-none-eabi\lib\thumb\v6-m\nofp\libc_nano.a(lib_a-memmove.o)
 .data          0x20000068        0x0 C:\Users\schro\OneDrive\Documents\ELEC 291\Lab 6\gcc-arm-none-eabi-10.3-2021.10-win32\gcc-arm-none-eabi-10.3-2021.10\arm-none-eabi\lib\thumb\v6-m\nofp\libc_nano.a(lib_a-mlock.o)
 .data          0x20000068        0x0 C:\Users\schro\OneDrive\Documents\ELEC 291\Lab 6\gcc-arm-none-eabi-10.3-2021.10-win32\gcc-arm-none-eabi-10.3-2021.10\arm-none-eabi\lib\thumb\v6-m\nofp\libc_nano.a(lib_a-nano-reallocr.o)
 .data          0x20000068        0x0 C:\Users\schro\OneDrive\Documents\ELEC 291\Lab 6\gcc-arm-none-eabi-10.3-2021.10-win32\gcc-arm-none-eabi-10.3-2021.10\arm-none-eabi\lib\thumb\v6-m\nofp\libc_nano.a(lib_a-readr.o)
 .data          0x20000068        0x0 C:\Users\schro\OneDrive\Documents\ELEC 291\Lab 6\gcc-arm-none-eabi-10.3-2021.10-win32\gcc-arm-none-eabi-10.3-2021.10\arm-none-eabi\lib\thumb\v6-m\nofp\libc_nano.a(lib_a-nano-msizer.o)
 .data          0x20000068        0x0 C:\Users\schro\OneDrive\Documents\ELEC 291\Lab 6\gcc-arm-none-eabi-10.3-2021.10-win32\gcc-arm-none-eabi-10.3-2021.10\lib\gcc\arm-none-eabi\10.3.1\thumb\v6-m\nofp\libgcc.a(_thumb1_case_shi.o)
 .data          0x20000068        0x0 C:\Users\schro\OneDrive\Documents\ELEC 291\Lab 6\gcc-arm-none-eabi-10.3-2021.10-win32\gcc-arm-none-eabi-10.3-2021.10\lib\gcc\arm-none-eabi\10.3.1\thumb\v6-m\nofp\libgcc.a(_udivsi3.o)
                0x20000068                . = ALIGN (0x4)
                0x20000068                _edata = .

.igot.plt       0x20000068        0x0 load address 0x08003280
 .igot.plt      0x20000068        0x0 main.o

.bss            0x20000068      0x168 load address 0x08003280
                0x20000068                _bss = .
 *(.bss*)
 .bss           0x20000068        0x0 main.o
 .bss           0x20000068       0xa4 serial.o
                0x20000068                ComRXBuffer
                0x200000b4                ComTXBuffer
                0x20000100                ComOpen
                0x20000104                ComError
                0x20000108                ComBusy
 .bss           0x2000010c       0xa4 UART2.o
                0x2000010c                ComRXBuffer2
                0x20000158                ComTXBuffer2
                0x200001a4                ComOpen2
                0x200001a8                ComError2
                0x200001ac                ComBusy2
 .bss           0x200001b0        0x0 startup.o
 .bss           0x200001b0        0x8 newlib_stubs.o
                0x200001b0                __env
 .bss           0x200001b8        0x0 C:\Users\schro\OneDrive\Documents\ELEC 291\Lab 6\gcc-arm-none-eabi-10.3-2021.10-win32\gcc-arm-none-eabi-10.3-2021.10\arm-none-eabi\lib\thumb\v6-m\nofp\libnosys.a(errno.o)
 .bss.errno     0x200001b8        0x4 C:\Users\schro\OneDrive\Documents\ELEC 291\Lab 6\gcc-arm-none-eabi-10.3-2021.10-win32\gcc-arm-none-eabi-10.3-2021.10\arm-none-eabi\lib\thumb\v6-m\nofp\libnosys.a(errno.o)
                0x200001b8                errno
 .bss           0x200001bc        0x0 C:\Users\schro\OneDrive\Documents\ELEC 291\Lab 6\gcc-arm-none-eabi-10.3-2021.10-win32\gcc-arm-none-eabi-10.3-2021.10\lib\gcc\arm-none-eabi\10.3.1\thumb\v6-m\nofp\libgcc.a(_divsi3.o)
 .bss           0x200001bc        0x0 C:\Users\schro\OneDrive\Documents\ELEC 291\Lab 6\gcc-arm-none-eabi-10.3-2021.10-win32\gcc-arm-none-eabi-10.3-2021.10\lib\gcc\arm-none-eabi\10.3.1\thumb\v6-m\nofp\libgcc.a(_dvmd_tls.o)
 .bss           0x200001bc        0x0 C:\Users\schro\OneDrive\Documents\ELEC 291\Lab 6\gcc-arm-none-eabi-10.3-2021.10-win32\gcc-arm-none-eabi-10.3-2021.10\arm-none-eabi\lib\thumb\v6-m\nofp\libc_nano.a(lib_a-printf.o)
 .bss           0x200001bc        0x0 C:\Users\schro\OneDrive\Documents\ELEC 291\Lab 6\gcc-arm-none-eabi-10.3-2021.10-win32\gcc-arm-none-eabi-10.3-2021.10\arm-none-eabi\lib\thumb\v6-m\nofp\libc_nano.a(lib_a-puts.o)
 .bss           0x200001bc        0x0 C:\Users\schro\OneDrive\Documents\ELEC 291\Lab 6\gcc-arm-none-eabi-10.3-2021.10-win32\gcc-arm-none-eabi-10.3-2021.10\arm-none-eabi\lib\thumb\v6-m\nofp\libc_nano.a(lib_a-sprintf.o)
 .bss           0x200001bc        0x0 C:\Users\schro\OneDrive\Documents\ELEC 291\Lab 6\gcc-arm-none-eabi-10.3-2021.10-win32\gcc-arm-none-eabi-10.3-2021.10\arm-none-eabi\lib\thumb\v6-m\nofp\libc_nano.a(lib_a-wbuf.o)
 .bss           0x200001bc        0x0 C:\Users\schro\OneDrive\Documents\ELEC 291\Lab 6\gcc-arm-none-eabi-10.3-2021.10-win32\gcc-arm-none-eabi-10.3-2021.10\arm-none-eabi\lib\thumb\v6-m\nofp\libc_nano.a(lib_a-wsetup.o)
 .bss           0x200001bc        0x0 C:\Users\schro\OneDrive\Documents\ELEC 291\Lab 6\gcc-arm-none-eabi-10.3-2021.10-win32\gcc-arm-none-eabi-10.3-2021.10\arm-none-eabi\lib\thumb\v6-m\nofp\libc_nano.a(lib_a-fflush.o)
 .bss           0x200001bc        0x0 C:\Users\schro\OneDrive\Documents\ELEC 291\Lab 6\gcc-arm-none-eabi-10.3-2021.10-win32\gcc-arm-none-eabi-10.3-2021.10\arm-none-eabi\lib\thumb\v6-m\nofp\libc_nano.a(lib_a-findfp.o)
 .bss           0x200001bc        0x0 C:\Users\schro\OneDrive\Documents\ELEC 291\Lab 6\gcc-arm-none-eabi-10.3-2021.10-win32\gcc-arm-none-eabi-10.3-2021.10\arm-none-eabi\lib\thumb\v6-m\nofp\libc_nano.a(lib_a-fwalk.o)
 .bss           0x200001bc        0x0 C:\Users\schro\OneDrive\Documents\ELEC 291\Lab 6\gcc-arm-none-eabi-10.3-2021.10-win32\gcc-arm-none-eabi-10.3-2021.10\arm-none-eabi\lib\thumb\v6-m\nofp\libc_nano.a(lib_a-impure.o)
 .bss           0x200001bc        0x0 C:\Users\schro\OneDrive\Documents\ELEC 291\Lab 6\gcc-arm-none-eabi-10.3-2021.10-win32\gcc-arm-none-eabi-10.3-2021.10\arm-none-eabi\lib\thumb\v6-m\nofp\libc_nano.a(lib_a-lock.o)
 .bss.__lock___arc4random_mutex
                0x200001bc        0x1 C:\Users\schro\OneDrive\Documents\ELEC 291\Lab 6\gcc-arm-none-eabi-10.3-2021.10-win32\gcc-arm-none-eabi-10.3-2021.10\arm-none-eabi\lib\thumb\v6-m\nofp\libc_nano.a(lib_a-lock.o)
                0x200001bc                __lock___arc4random_mutex
 .bss.__lock___at_quick_exit_mutex
                0x200001bd        0x1 C:\Users\schro\OneDrive\Documents\ELEC 291\Lab 6\gcc-arm-none-eabi-10.3-2021.10-win32\gcc-arm-none-eabi-10.3-2021.10\arm-none-eabi\lib\thumb\v6-m\nofp\libc_nano.a(lib_a-lock.o)
                0x200001bd                __lock___at_quick_exit_mutex
 .bss.__lock___atexit_recursive_mutex
                0x200001be        0x1 C:\Users\schro\OneDrive\Documents\ELEC 291\Lab 6\gcc-arm-none-eabi-10.3-2021.10-win32\gcc-arm-none-eabi-10.3-2021.10\arm-none-eabi\lib\thumb\v6-m\nofp\libc_nano.a(lib_a-lock.o)
                0x200001be                __lock___atexit_recursive_mutex
 .bss.__lock___dd_hash_mutex
                0x200001bf        0x1 C:\Users\schro\OneDrive\Documents\ELEC 291\Lab 6\gcc-arm-none-eabi-10.3-2021.10-win32\gcc-arm-none-eabi-10.3-2021.10\arm-none-eabi\lib\thumb\v6-m\nofp\libc_nano.a(lib_a-lock.o)
                0x200001bf                __lock___dd_hash_mutex
 .bss.__lock___env_recursive_mutex
                0x200001c0        0x1 C:\Users\schro\OneDrive\Documents\ELEC 291\Lab 6\gcc-arm-none-eabi-10.3-2021.10-win32\gcc-arm-none-eabi-10.3-2021.10\arm-none-eabi\lib\thumb\v6-m\nofp\libc_nano.a(lib_a-lock.o)
                0x200001c0                __lock___env_recursive_mutex
 .bss.__lock___malloc_recursive_mutex
                0x200001c1        0x1 C:\Users\schro\OneDrive\Documents\ELEC 291\Lab 6\gcc-arm-none-eabi-10.3-2021.10-win32\gcc-arm-none-eabi-10.3-2021.10\arm-none-eabi\lib\thumb\v6-m\nofp\libc_nano.a(lib_a-lock.o)
                0x200001c1                __lock___malloc_recursive_mutex
 .bss.__lock___sfp_recursive_mutex
                0x200001c2        0x1 C:\Users\schro\OneDrive\Documents\ELEC 291\Lab 6\gcc-arm-none-eabi-10.3-2021.10-win32\gcc-arm-none-eabi-10.3-2021.10\arm-none-eabi\lib\thumb\v6-m\nofp\libc_nano.a(lib_a-lock.o)
                0x200001c2                __lock___sfp_recursive_mutex
 .bss.__lock___sinit_recursive_mutex
                0x200001c3        0x1 C:\Users\schro\OneDrive\Documents\ELEC 291\Lab 6\gcc-arm-none-eabi-10.3-2021.10-win32\gcc-arm-none-eabi-10.3-2021.10\arm-none-eabi\lib\thumb\v6-m\nofp\libc_nano.a(lib_a-lock.o)
                0x200001c3                __lock___sinit_recursive_mutex
 .bss.__lock___tz_mutex
                0x200001c4        0x1 C:\Users\schro\OneDrive\Documents\ELEC 291\Lab 6\gcc-arm-none-eabi-10.3-2021.10-win32\gcc-arm-none-eabi-10.3-2021.10\arm-none-eabi\lib\thumb\v6-m\nofp\libc_nano.a(lib_a-lock.o)
                0x200001c4                __lock___tz_mutex
 .bss           0x200001c5        0x0 C:\Users\schro\OneDrive\Documents\ELEC 291\Lab 6\gcc-arm-none-eabi-10.3-2021.10-win32\gcc-arm-none-eabi-10.3-2021.10\arm-none-eabi\lib\thumb\v6-m\nofp\libc_nano.a(lib_a-makebuf.o)
 .bss           0x200001c5        0x0 C:\Users\schro\OneDrive\Documents\ELEC 291\Lab 6\gcc-arm-none-eabi-10.3-2021.10-win32\gcc-arm-none-eabi-10.3-2021.10\arm-none-eabi\lib\thumb\v6-m\nofp\libc_nano.a(lib_a-memset.o)
 .bss           0x200001c5        0x0 C:\Users\schro\OneDrive\Documents\ELEC 291\Lab 6\gcc-arm-none-eabi-10.3-2021.10-win32\gcc-arm-none-eabi-10.3-2021.10\arm-none-eabi\lib\thumb\v6-m\nofp\libc_nano.a(lib_a-nano-freer.o)
 .bss           0x200001c5        0x0 C:\Users\schro\OneDrive\Documents\ELEC 291\Lab 6\gcc-arm-none-eabi-10.3-2021.10-win32\gcc-arm-none-eabi-10.3-2021.10\arm-none-eabi\lib\thumb\v6-m\nofp\libc_nano.a(lib_a-nano-mallocr.o)
 *fill*         0x200001c5        0x3 
 .bss.__malloc_free_list
                0x200001c8        0x4 C:\Users\schro\OneDrive\Documents\ELEC 291\Lab 6\gcc-arm-none-eabi-10.3-2021.10-win32\gcc-arm-none-eabi-10.3-2021.10\arm-none-eabi\lib\thumb\v6-m\nofp\libc_nano.a(lib_a-nano-mallocr.o)
                0x200001c8                __malloc_free_list
 .bss.__malloc_sbrk_start
                0x200001cc        0x4 C:\Users\schro\OneDrive\Documents\ELEC 291\Lab 6\gcc-arm-none-eabi-10.3-2021.10-win32\gcc-arm-none-eabi-10.3-2021.10\arm-none-eabi\lib\thumb\v6-m\nofp\libc_nano.a(lib_a-nano-mallocr.o)
                0x200001cc                __malloc_sbrk_start
 .bss           0x200001d0        0x0 C:\Users\schro\OneDrive\Documents\ELEC 291\Lab 6\gcc-arm-none-eabi-10.3-2021.10-win32\gcc-arm-none-eabi-10.3-2021.10\arm-none-eabi\lib\thumb\v6-m\nofp\libc_nano.a(lib_a-nano-svfprintf.o)
 .bss           0x200001d0        0x0 C:\Users\schro\OneDrive\Documents\ELEC 291\Lab 6\gcc-arm-none-eabi-10.3-2021.10-win32\gcc-arm-none-eabi-10.3-2021.10\arm-none-eabi\lib\thumb\v6-m\nofp\libc_nano.a(lib_a-nano-vfprintf.o)
 .bss           0x200001d0        0x0 C:\Users\schro\OneDrive\Documents\ELEC 291\Lab 6\gcc-arm-none-eabi-10.3-2021.10-win32\gcc-arm-none-eabi-10.3-2021.10\arm-none-eabi\lib\thumb\v6-m\nofp\libc_nano.a(lib_a-nano-vfprintf_i.o)
 .bss           0x200001d0        0x0 C:\Users\schro\OneDrive\Documents\ELEC 291\Lab 6\gcc-arm-none-eabi-10.3-2021.10-win32\gcc-arm-none-eabi-10.3-2021.10\arm-none-eabi\lib\thumb\v6-m\nofp\libc_nano.a(lib_a-sbrkr.o)
 .bss           0x200001d0        0x0 C:\Users\schro\OneDrive\Documents\ELEC 291\Lab 6\gcc-arm-none-eabi-10.3-2021.10-win32\gcc-arm-none-eabi-10.3-2021.10\arm-none-eabi\lib\thumb\v6-m\nofp\libc_nano.a(lib_a-stdio.o)
 .bss           0x200001d0        0x0 C:\Users\schro\OneDrive\Documents\ELEC 291\Lab 6\gcc-arm-none-eabi-10.3-2021.10-win32\gcc-arm-none-eabi-10.3-2021.10\arm-none-eabi\lib\thumb\v6-m\nofp\libc_nano.a(lib_a-writer.o)
 .bss           0x200001d0        0x0 C:\Users\schro\OneDrive\Documents\ELEC 291\Lab 6\gcc-arm-none-eabi-10.3-2021.10-win32\gcc-arm-none-eabi-10.3-2021.10\arm-none-eabi\lib\thumb\v6-m\nofp\libc_nano.a(lib_a-closer.o)
 .bss           0x200001d0        0x0 C:\Users\schro\OneDrive\Documents\ELEC 291\Lab 6\gcc-arm-none-eabi-10.3-2021.10-win32\gcc-arm-none-eabi-10.3-2021.10\arm-none-eabi\lib\thumb\v6-m\nofp\libc_nano.a(lib_a-fstatr.o)
 .bss           0x200001d0        0x0 C:\Users\schro\OneDrive\Documents\ELEC 291\Lab 6\gcc-arm-none-eabi-10.3-2021.10-win32\gcc-arm-none-eabi-10.3-2021.10\arm-none-eabi\lib\thumb\v6-m\nofp\libc_nano.a(lib_a-fvwrite.o)
 .bss           0x200001d0        0x0 C:\Users\schro\OneDrive\Documents\ELEC 291\Lab 6\gcc-arm-none-eabi-10.3-2021.10-win32\gcc-arm-none-eabi-10.3-2021.10\arm-none-eabi\lib\thumb\v6-m\nofp\libc_nano.a(lib_a-isattyr.o)
 .bss           0x200001d0        0x0 C:\Users\schro\OneDrive\Documents\ELEC 291\Lab 6\gcc-arm-none-eabi-10.3-2021.10-win32\gcc-arm-none-eabi-10.3-2021.10\arm-none-eabi\lib\thumb\v6-m\nofp\libc_nano.a(lib_a-lseekr.o)
 .bss           0x200001d0        0x0 C:\Users\schro\OneDrive\Documents\ELEC 291\Lab 6\gcc-arm-none-eabi-10.3-2021.10-win32\gcc-arm-none-eabi-10.3-2021.10\arm-none-eabi\lib\thumb\v6-m\nofp\libc_nano.a(lib_a-memchr-stub.o)
 .bss           0x200001d0        0x0 C:\Users\schro\OneDrive\Documents\ELEC 291\Lab 6\gcc-arm-none-eabi-10.3-2021.10-win32\gcc-arm-none-eabi-10.3-2021.10\arm-none-eabi\lib\thumb\v6-m\nofp\libc_nano.a(lib_a-memcpy-stub.o)
 .bss           0x200001d0        0x0 C:\Users\schro\OneDrive\Documents\ELEC 291\Lab 6\gcc-arm-none-eabi-10.3-2021.10-win32\gcc-arm-none-eabi-10.3-2021.10\arm-none-eabi\lib\thumb\v6-m\nofp\libc_nano.a(lib_a-memmove.o)
 .bss           0x200001d0        0x0 C:\Users\schro\OneDrive\Documents\ELEC 291\Lab 6\gcc-arm-none-eabi-10.3-2021.10-win32\gcc-arm-none-eabi-10.3-2021.10\arm-none-eabi\lib\thumb\v6-m\nofp\libc_nano.a(lib_a-mlock.o)
 .bss           0x200001d0        0x0 C:\Users\schro\OneDrive\Documents\ELEC 291\Lab 6\gcc-arm-none-eabi-10.3-2021.10-win32\gcc-arm-none-eabi-10.3-2021.10\arm-none-eabi\lib\thumb\v6-m\nofp\libc_nano.a(lib_a-nano-reallocr.o)
 .bss           0x200001d0        0x0 C:\Users\schro\OneDrive\Documents\ELEC 291\Lab 6\gcc-arm-none-eabi-10.3-2021.10-win32\gcc-arm-none-eabi-10.3-2021.10\arm-none-eabi\lib\thumb\v6-m\nofp\libc_nano.a(lib_a-readr.o)
 .bss           0x200001d0        0x0 C:\Users\schro\OneDrive\Documents\ELEC 291\Lab 6\gcc-arm-none-eabi-10.3-2021.10-win32\gcc-arm-none-eabi-10.3-2021.10\arm-none-eabi\lib\thumb\v6-m\nofp\libc_nano.a(lib_a-nano-msizer.o)
 .bss           0x200001d0        0x0 C:\Users\schro\OneDrive\Documents\ELEC 291\Lab 6\gcc-arm-none-eabi-10.3-2021.10-win32\gcc-arm-none-eabi-10.3-2021.10\lib\gcc\arm-none-eabi\10.3.1\thumb\v6-m\nofp\libgcc.a(_thumb1_case_shi.o)
 .bss           0x200001d0        0x0 C:\Users\schro\OneDrive\Documents\ELEC 291\Lab 6\gcc-arm-none-eabi-10.3-2021.10-win32\gcc-arm-none-eabi-10.3-2021.10\lib\gcc\arm-none-eabi\10.3.1\thumb\v6-m\nofp\libgcc.a(_udivsi3.o)
 *(COMMON)
                0x200001d0                . = ALIGN (0x4)
                0x200001d0                _ebss = .
                [!provide]                PROVIDE (end = .)
                0x200001d0                PROVIDE (_HeapStart = .)
                0x20002000                PROVIDE (_StackTop = (ORIGIN (ram) + LENGTH (ram)))
OUTPUT(main.elf elf32-littlearm)
LOAD linker stubs

.debug_info     0x00000000     0x1f28
 .debug_info    0x00000000      0x3e7 main.o
 .debug_info    0x000003e7      0x82d serial.o
 .debug_info    0x00000c14      0x843 UART2.o
 .debug_info    0x00001457      0x3ad startup.o
 .debug_info    0x00001804      0x724 newlib_stubs.o

.debug_abbrev   0x00000000      0x81c
 .debug_abbrev  0x00000000      0x143 main.o
 .debug_abbrev  0x00000143      0x1f5 serial.o
 .debug_abbrev  0x00000338      0x1f5 UART2.o
 .debug_abbrev  0x0000052d      0x174 startup.o
 .debug_abbrev  0x000006a1      0x17b newlib_stubs.o

.debug_aranges  0x00000000       0xa8
 .debug_aranges
                0x00000000       0x20 main.o
 .debug_aranges
                0x00000020       0x20 serial.o
 .debug_aranges
                0x00000040       0x20 UART2.o
 .debug_aranges
                0x00000060       0x28 startup.o
 .debug_aranges
                0x00000088       0x20 newlib_stubs.o

.debug_line     0x00000000     0x12e4
 .debug_line    0x00000000      0x28d main.o
 .debug_line    0x0000028d      0x530 serial.o
 .debug_line    0x000007bd      0x519 UART2.o
 .debug_line    0x00000cd6      0x2f2 startup.o
 .debug_line    0x00000fc8      0x31c newlib_stubs.o

.debug_str      0x00000000      0x7c4
 .debug_str     0x00000000      0x23e main.o
                                0x280 (size before relaxing)
 .debug_str     0x0000023e      0x185 serial.o
                                0x3b6 (size before relaxing)
 .debug_str     0x000003c3       0xe9 UART2.o
                                0x3c7 (size before relaxing)
 .debug_str     0x000004ac       0xee startup.o
                                0x2de (size before relaxing)
 .debug_str     0x0000059a      0x22a newlib_stubs.o
                                0x3dc (size before relaxing)

.comment        0x00000000       0x49
 .comment       0x00000000       0x49 main.o
                                 0x4a (size before relaxing)
 .comment       0x00000049       0x4a serial.o
 .comment       0x00000049       0x4a UART2.o
 .comment       0x00000049       0x4a startup.o
 .comment       0x00000049       0x4a newlib_stubs.o

.ARM.attributes
                0x00000000       0x2c
 .ARM.attributes
                0x00000000       0x2c main.o
 .ARM.attributes
                0x0000002c       0x2c serial.o
 .ARM.attributes
                0x00000058       0x2c UART2.o
 .ARM.attributes
                0x00000084       0x2c startup.o
 .ARM.attributes
                0x000000b0       0x2c newlib_stubs.o
 .ARM.attributes
                0x000000dc       0x2c C:\Users\schro\OneDrive\Documents\ELEC 291\Lab 6\gcc-arm-none-eabi-10.3-2021.10-win32\gcc-arm-none-eabi-10.3-2021.10\arm-none-eabi\lib\thumb\v6-m\nofp\libnosys.a(errno.o)
 .ARM.attributes
                0x00000108       0x1e C:\Users\schro\OneDrive\Documents\ELEC 291\Lab 6\gcc-arm-none-eabi-10.3-2021.10-win32\gcc-arm-none-eabi-10.3-2021.10\lib\gcc\arm-none-eabi\10.3.1\thumb\v6-m\nofp\libgcc.a(_divsi3.o)
 .ARM.attributes
                0x00000126       0x1e C:\Users\schro\OneDrive\Documents\ELEC 291\Lab 6\gcc-arm-none-eabi-10.3-2021.10-win32\gcc-arm-none-eabi-10.3-2021.10\lib\gcc\arm-none-eabi\10.3.1\thumb\v6-m\nofp\libgcc.a(_dvmd_tls.o)
 .ARM.attributes
                0x00000144       0x2c C:\Users\schro\OneDrive\Documents\ELEC 291\Lab 6\gcc-arm-none-eabi-10.3-2021.10-win32\gcc-arm-none-eabi-10.3-2021.10\arm-none-eabi\lib\thumb\v6-m\nofp\libc_nano.a(lib_a-printf.o)
 .ARM.attributes
                0x00000170       0x2c C:\Users\schro\OneDrive\Documents\ELEC 291\Lab 6\gcc-arm-none-eabi-10.3-2021.10-win32\gcc-arm-none-eabi-10.3-2021.10\arm-none-eabi\lib\thumb\v6-m\nofp\libc_nano.a(lib_a-puts.o)
 .ARM.attributes
                0x0000019c       0x2c C:\Users\schro\OneDrive\Documents\ELEC 291\Lab 6\gcc-arm-none-eabi-10.3-2021.10-win32\gcc-arm-none-eabi-10.3-2021.10\arm-none-eabi\lib\thumb\v6-m\nofp\libc_nano.a(lib_a-sprintf.o)
 .ARM.attributes
                0x000001c8       0x2c C:\Users\schro\OneDrive\Documents\ELEC 291\Lab 6\gcc-arm-none-eabi-10.3-2021.10-win32\gcc-arm-none-eabi-10.3-2021.10\arm-none-eabi\lib\thumb\v6-m\nofp\libc_nano.a(lib_a-wbuf.o)
 .ARM.attributes
                0x000001f4       0x2c C:\Users\schro\OneDrive\Documents\ELEC 291\Lab 6\gcc-arm-none-eabi-10.3-2021.10-win32\gcc-arm-none-eabi-10.3-2021.10\arm-none-eabi\lib\thumb\v6-m\nofp\libc_nano.a(lib_a-wsetup.o)
 .ARM.attributes
                0x00000220       0x2c C:\Users\schro\OneDrive\Documents\ELEC 291\Lab 6\gcc-arm-none-eabi-10.3-2021.10-win32\gcc-arm-none-eabi-10.3-2021.10\arm-none-eabi\lib\thumb\v6-m\nofp\libc_nano.a(lib_a-fflush.o)
 .ARM.attributes
                0x0000024c       0x2c C:\Users\schro\OneDrive\Documents\ELEC 291\Lab 6\gcc-arm-none-eabi-10.3-2021.10-win32\gcc-arm-none-eabi-10.3-2021.10\arm-none-eabi\lib\thumb\v6-m\nofp\libc_nano.a(lib_a-findfp.o)
 .ARM.attributes
                0x00000278       0x2c C:\Users\schro\OneDrive\Documents\ELEC 291\Lab 6\gcc-arm-none-eabi-10.3-2021.10-win32\gcc-arm-none-eabi-10.3-2021.10\arm-none-eabi\lib\thumb\v6-m\nofp\libc_nano.a(lib_a-fwalk.o)
 .ARM.attributes
                0x000002a4       0x2c C:\Users\schro\OneDrive\Documents\ELEC 291\Lab 6\gcc-arm-none-eabi-10.3-2021.10-win32\gcc-arm-none-eabi-10.3-2021.10\arm-none-eabi\lib\thumb\v6-m\nofp\libc_nano.a(lib_a-impure.o)
 .ARM.attributes
                0x000002d0       0x2c C:\Users\schro\OneDrive\Documents\ELEC 291\Lab 6\gcc-arm-none-eabi-10.3-2021.10-win32\gcc-arm-none-eabi-10.3-2021.10\arm-none-eabi\lib\thumb\v6-m\nofp\libc_nano.a(lib_a-lock.o)
 .ARM.attributes
                0x000002fc       0x2c C:\Users\schro\OneDrive\Documents\ELEC 291\Lab 6\gcc-arm-none-eabi-10.3-2021.10-win32\gcc-arm-none-eabi-10.3-2021.10\arm-none-eabi\lib\thumb\v6-m\nofp\libc_nano.a(lib_a-makebuf.o)
 .ARM.attributes
                0x00000328       0x2c C:\Users\schro\OneDrive\Documents\ELEC 291\Lab 6\gcc-arm-none-eabi-10.3-2021.10-win32\gcc-arm-none-eabi-10.3-2021.10\arm-none-eabi\lib\thumb\v6-m\nofp\libc_nano.a(lib_a-memset.o)
 .ARM.attributes
                0x00000354       0x2c C:\Users\schro\OneDrive\Documents\ELEC 291\Lab 6\gcc-arm-none-eabi-10.3-2021.10-win32\gcc-arm-none-eabi-10.3-2021.10\arm-none-eabi\lib\thumb\v6-m\nofp\libc_nano.a(lib_a-nano-freer.o)
 .ARM.attributes
                0x00000380       0x2c C:\Users\schro\OneDrive\Documents\ELEC 291\Lab 6\gcc-arm-none-eabi-10.3-2021.10-win32\gcc-arm-none-eabi-10.3-2021.10\arm-none-eabi\lib\thumb\v6-m\nofp\libc_nano.a(lib_a-nano-mallocr.o)
 .ARM.attributes
                0x000003ac       0x2c C:\Users\schro\OneDrive\Documents\ELEC 291\Lab 6\gcc-arm-none-eabi-10.3-2021.10-win32\gcc-arm-none-eabi-10.3-2021.10\arm-none-eabi\lib\thumb\v6-m\nofp\libc_nano.a(lib_a-nano-svfprintf.o)
 .ARM.attributes
                0x000003d8       0x2c C:\Users\schro\OneDrive\Documents\ELEC 291\Lab 6\gcc-arm-none-eabi-10.3-2021.10-win32\gcc-arm-none-eabi-10.3-2021.10\arm-none-eabi\lib\thumb\v6-m\nofp\libc_nano.a(lib_a-nano-vfprintf.o)
 .ARM.attributes
                0x00000404       0x2c C:\Users\schro\OneDrive\Documents\ELEC 291\Lab 6\gcc-arm-none-eabi-10.3-2021.10-win32\gcc-arm-none-eabi-10.3-2021.10\arm-none-eabi\lib\thumb\v6-m\nofp\libc_nano.a(lib_a-nano-vfprintf_i.o)
 .ARM.attributes
                0x00000430       0x2c C:\Users\schro\OneDrive\Documents\ELEC 291\Lab 6\gcc-arm-none-eabi-10.3-2021.10-win32\gcc-arm-none-eabi-10.3-2021.10\arm-none-eabi\lib\thumb\v6-m\nofp\libc_nano.a(lib_a-sbrkr.o)
 .ARM.attributes
                0x0000045c       0x2c C:\Users\schro\OneDrive\Documents\ELEC 291\Lab 6\gcc-arm-none-eabi-10.3-2021.10-win32\gcc-arm-none-eabi-10.3-2021.10\arm-none-eabi\lib\thumb\v6-m\nofp\libc_nano.a(lib_a-stdio.o)
 .ARM.attributes
                0x00000488       0x2c C:\Users\schro\OneDrive\Documents\ELEC 291\Lab 6\gcc-arm-none-eabi-10.3-2021.10-win32\gcc-arm-none-eabi-10.3-2021.10\arm-none-eabi\lib\thumb\v6-m\nofp\libc_nano.a(lib_a-writer.o)
 .ARM.attributes
                0x000004b4       0x2c C:\Users\schro\OneDrive\Documents\ELEC 291\Lab 6\gcc-arm-none-eabi-10.3-2021.10-win32\gcc-arm-none-eabi-10.3-2021.10\arm-none-eabi\lib\thumb\v6-m\nofp\libc_nano.a(lib_a-closer.o)
 .ARM.attributes
                0x000004e0       0x2c C:\Users\schro\OneDrive\Documents\ELEC 291\Lab 6\gcc-arm-none-eabi-10.3-2021.10-win32\gcc-arm-none-eabi-10.3-2021.10\arm-none-eabi\lib\thumb\v6-m\nofp\libc_nano.a(lib_a-fstatr.o)
 .ARM.attributes
                0x0000050c       0x2c C:\Users\schro\OneDrive\Documents\ELEC 291\Lab 6\gcc-arm-none-eabi-10.3-2021.10-win32\gcc-arm-none-eabi-10.3-2021.10\arm-none-eabi\lib\thumb\v6-m\nofp\libc_nano.a(lib_a-fvwrite.o)
 .ARM.attributes
                0x00000538       0x2c C:\Users\schro\OneDrive\Documents\ELEC 291\Lab 6\gcc-arm-none-eabi-10.3-2021.10-win32\gcc-arm-none-eabi-10.3-2021.10\arm-none-eabi\lib\thumb\v6-m\nofp\libc_nano.a(lib_a-isattyr.o)
 .ARM.attributes
                0x00000564       0x2c C:\Users\schro\OneDrive\Documents\ELEC 291\Lab 6\gcc-arm-none-eabi-10.3-2021.10-win32\gcc-arm-none-eabi-10.3-2021.10\arm-none-eabi\lib\thumb\v6-m\nofp\libc_nano.a(lib_a-lseekr.o)
 .ARM.attributes
                0x00000590       0x2c C:\Users\schro\OneDrive\Documents\ELEC 291\Lab 6\gcc-arm-none-eabi-10.3-2021.10-win32\gcc-arm-none-eabi-10.3-2021.10\arm-none-eabi\lib\thumb\v6-m\nofp\libc_nano.a(lib_a-memchr-stub.o)
 .ARM.attributes
                0x000005bc       0x2c C:\Users\schro\OneDrive\Documents\ELEC 291\Lab 6\gcc-arm-none-eabi-10.3-2021.10-win32\gcc-arm-none-eabi-10.3-2021.10\arm-none-eabi\lib\thumb\v6-m\nofp\libc_nano.a(lib_a-memcpy-stub.o)
 .ARM.attributes
                0x000005e8       0x2c C:\Users\schro\OneDrive\Documents\ELEC 291\Lab 6\gcc-arm-none-eabi-10.3-2021.10-win32\gcc-arm-none-eabi-10.3-2021.10\arm-none-eabi\lib\thumb\v6-m\nofp\libc_nano.a(lib_a-memmove.o)
 .ARM.attributes
                0x00000614       0x2c C:\Users\schro\OneDrive\Documents\ELEC 291\Lab 6\gcc-arm-none-eabi-10.3-2021.10-win32\gcc-arm-none-eabi-10.3-2021.10\arm-none-eabi\lib\thumb\v6-m\nofp\libc_nano.a(lib_a-mlock.o)
 .ARM.attributes
                0x00000640       0x2c C:\Users\schro\OneDrive\Documents\ELEC 291\Lab 6\gcc-arm-none-eabi-10.3-2021.10-win32\gcc-arm-none-eabi-10.3-2021.10\arm-none-eabi\lib\thumb\v6-m\nofp\libc_nano.a(lib_a-nano-reallocr.o)
 .ARM.attributes
                0x0000066c       0x2c C:\Users\schro\OneDrive\Documents\ELEC 291\Lab 6\gcc-arm-none-eabi-10.3-2021.10-win32\gcc-arm-none-eabi-10.3-2021.10\arm-none-eabi\lib\thumb\v6-m\nofp\libc_nano.a(lib_a-readr.o)
 .ARM.attributes
                0x00000698       0x2c C:\Users\schro\OneDrive\Documents\ELEC 291\Lab 6\gcc-arm-none-eabi-10.3-2021.10-win32\gcc-arm-none-eabi-10.3-2021.10\arm-none-eabi\lib\thumb\v6-m\nofp\libc_nano.a(lib_a-nano-msizer.o)
 .ARM.attributes
                0x000006c4       0x1e C:\Users\schro\OneDrive\Documents\ELEC 291\Lab 6\gcc-arm-none-eabi-10.3-2021.10-win32\gcc-arm-none-eabi-10.3-2021.10\lib\gcc\arm-none-eabi\10.3.1\thumb\v6-m\nofp\libgcc.a(_thumb1_case_shi.o)
 .ARM.attributes
                0x000006e2       0x1e C:\Users\schro\OneDrive\Documents\ELEC 291\Lab 6\gcc-arm-none-eabi-10.3-2021.10-win32\gcc-arm-none-eabi-10.3-2021.10\lib\gcc\arm-none-eabi\10.3.1\thumb\v6-m\nofp\libgcc.a(_udivsi3.o)

.debug_frame    0x00000000     0x1110
 .debug_frame   0x00000000       0xac main.o
 .debug_frame   0x000000ac      0x1e8 serial.o
 .debug_frame   0x00000294      0x204 UART2.o
 .debug_frame   0x00000498       0x94 startup.o
 .debug_frame   0x0000052c      0x228 newlib_stubs.o
 .debug_frame   0x00000754       0x20 C:\Users\schro\OneDrive\Documents\ELEC 291\Lab 6\gcc-arm-none-eabi-10.3-2021.10-win32\gcc-arm-none-eabi-10.3-2021.10\lib\gcc\arm-none-eabi\10.3.1\thumb\v6-m\nofp\libgcc.a(_divsi3.o)
 .debug_frame   0x00000774       0x50 C:\Users\schro\OneDrive\Documents\ELEC 291\Lab 6\gcc-arm-none-eabi-10.3-2021.10-win32\gcc-arm-none-eabi-10.3-2021.10\arm-none-eabi\lib\thumb\v6-m\nofp\libc_nano.a(lib_a-printf.o)
 .debug_frame   0x000007c4       0x44 C:\Users\schro\OneDrive\Documents\ELEC 291\Lab 6\gcc-arm-none-eabi-10.3-2021.10-win32\gcc-arm-none-eabi-10.3-2021.10\arm-none-eabi\lib\thumb\v6-m\nofp\libc_nano.a(lib_a-puts.o)
 .debug_frame   0x00000808       0x48 C:\Users\schro\OneDrive\Documents\ELEC 291\Lab 6\gcc-arm-none-eabi-10.3-2021.10-win32\gcc-arm-none-eabi-10.3-2021.10\arm-none-eabi\lib\thumb\v6-m\nofp\libc_nano.a(lib_a-sprintf.o)
 .debug_frame   0x00000850       0x48 C:\Users\schro\OneDrive\Documents\ELEC 291\Lab 6\gcc-arm-none-eabi-10.3-2021.10-win32\gcc-arm-none-eabi-10.3-2021.10\arm-none-eabi\lib\thumb\v6-m\nofp\libc_nano.a(lib_a-wbuf.o)
 .debug_frame   0x00000898       0x2c C:\Users\schro\OneDrive\Documents\ELEC 291\Lab 6\gcc-arm-none-eabi-10.3-2021.10-win32\gcc-arm-none-eabi-10.3-2021.10\arm-none-eabi\lib\thumb\v6-m\nofp\libc_nano.a(lib_a-wsetup.o)
 .debug_frame   0x000008c4       0x68 C:\Users\schro\OneDrive\Documents\ELEC 291\Lab 6\gcc-arm-none-eabi-10.3-2021.10-win32\gcc-arm-none-eabi-10.3-2021.10\arm-none-eabi\lib\thumb\v6-m\nofp\libc_nano.a(lib_a-fflush.o)
 .debug_frame   0x0000092c      0x170 C:\Users\schro\OneDrive\Documents\ELEC 291\Lab 6\gcc-arm-none-eabi-10.3-2021.10-win32\gcc-arm-none-eabi-10.3-2021.10\arm-none-eabi\lib\thumb\v6-m\nofp\libc_nano.a(lib_a-findfp.o)
 .debug_frame   0x00000a9c       0x58 C:\Users\schro\OneDrive\Documents\ELEC 291\Lab 6\gcc-arm-none-eabi-10.3-2021.10-win32\gcc-arm-none-eabi-10.3-2021.10\arm-none-eabi\lib\thumb\v6-m\nofp\libc_nano.a(lib_a-fwalk.o)
 .debug_frame   0x00000af4       0xb0 C:\Users\schro\OneDrive\Documents\ELEC 291\Lab 6\gcc-arm-none-eabi-10.3-2021.10-win32\gcc-arm-none-eabi-10.3-2021.10\arm-none-eabi\lib\thumb\v6-m\nofp\libc_nano.a(lib_a-lock.o)
 .debug_frame   0x00000ba4       0x54 C:\Users\schro\OneDrive\Documents\ELEC 291\Lab 6\gcc-arm-none-eabi-10.3-2021.10-win32\gcc-arm-none-eabi-10.3-2021.10\arm-none-eabi\lib\thumb\v6-m\nofp\libc_nano.a(lib_a-makebuf.o)
 .debug_frame   0x00000bf8       0x20 C:\Users\schro\OneDrive\Documents\ELEC 291\Lab 6\gcc-arm-none-eabi-10.3-2021.10-win32\gcc-arm-none-eabi-10.3-2021.10\arm-none-eabi\lib\thumb\v6-m\nofp\libc_nano.a(lib_a-memset.o)
 .debug_frame   0x00000c18       0x2c C:\Users\schro\OneDrive\Documents\ELEC 291\Lab 6\gcc-arm-none-eabi-10.3-2021.10-win32\gcc-arm-none-eabi-10.3-2021.10\arm-none-eabi\lib\thumb\v6-m\nofp\libc_nano.a(lib_a-nano-freer.o)
 .debug_frame   0x00000c44       0x50 C:\Users\schro\OneDrive\Documents\ELEC 291\Lab 6\gcc-arm-none-eabi-10.3-2021.10-win32\gcc-arm-none-eabi-10.3-2021.10\arm-none-eabi\lib\thumb\v6-m\nofp\libc_nano.a(lib_a-nano-mallocr.o)
 .debug_frame   0x00000c94       0x74 C:\Users\schro\OneDrive\Documents\ELEC 291\Lab 6\gcc-arm-none-eabi-10.3-2021.10-win32\gcc-arm-none-eabi-10.3-2021.10\arm-none-eabi\lib\thumb\v6-m\nofp\libc_nano.a(lib_a-nano-svfprintf.o)
 .debug_frame   0x00000d08       0x9c C:\Users\schro\OneDrive\Documents\ELEC 291\Lab 6\gcc-arm-none-eabi-10.3-2021.10-win32\gcc-arm-none-eabi-10.3-2021.10\arm-none-eabi\lib\thumb\v6-m\nofp\libc_nano.a(lib_a-nano-vfprintf.o)
 .debug_frame   0x00000da4       0x54 C:\Users\schro\OneDrive\Documents\ELEC 291\Lab 6\gcc-arm-none-eabi-10.3-2021.10-win32\gcc-arm-none-eabi-10.3-2021.10\arm-none-eabi\lib\thumb\v6-m\nofp\libc_nano.a(lib_a-nano-vfprintf_i.o)
 .debug_frame   0x00000df8       0x2c C:\Users\schro\OneDrive\Documents\ELEC 291\Lab 6\gcc-arm-none-eabi-10.3-2021.10-win32\gcc-arm-none-eabi-10.3-2021.10\arm-none-eabi\lib\thumb\v6-m\nofp\libc_nano.a(lib_a-sbrkr.o)
 .debug_frame   0x00000e24       0x90 C:\Users\schro\OneDrive\Documents\ELEC 291\Lab 6\gcc-arm-none-eabi-10.3-2021.10-win32\gcc-arm-none-eabi-10.3-2021.10\arm-none-eabi\lib\thumb\v6-m\nofp\libc_nano.a(lib_a-stdio.o)
 .debug_frame   0x00000eb4       0x2c C:\Users\schro\OneDrive\Documents\ELEC 291\Lab 6\gcc-arm-none-eabi-10.3-2021.10-win32\gcc-arm-none-eabi-10.3-2021.10\arm-none-eabi\lib\thumb\v6-m\nofp\libc_nano.a(lib_a-writer.o)
 .debug_frame   0x00000ee0       0x2c C:\Users\schro\OneDrive\Documents\ELEC 291\Lab 6\gcc-arm-none-eabi-10.3-2021.10-win32\gcc-arm-none-eabi-10.3-2021.10\arm-none-eabi\lib\thumb\v6-m\nofp\libc_nano.a(lib_a-closer.o)
 .debug_frame   0x00000f0c       0x2c C:\Users\schro\OneDrive\Documents\ELEC 291\Lab 6\gcc-arm-none-eabi-10.3-2021.10-win32\gcc-arm-none-eabi-10.3-2021.10\arm-none-eabi\lib\thumb\v6-m\nofp\libc_nano.a(lib_a-fstatr.o)
 .debug_frame   0x00000f38       0x30 C:\Users\schro\OneDrive\Documents\ELEC 291\Lab 6\gcc-arm-none-eabi-10.3-2021.10-win32\gcc-arm-none-eabi-10.3-2021.10\arm-none-eabi\lib\thumb\v6-m\nofp\libc_nano.a(lib_a-fvwrite.o)
 .debug_frame   0x00000f68       0x2c C:\Users\schro\OneDrive\Documents\ELEC 291\Lab 6\gcc-arm-none-eabi-10.3-2021.10-win32\gcc-arm-none-eabi-10.3-2021.10\arm-none-eabi\lib\thumb\v6-m\nofp\libc_nano.a(lib_a-isattyr.o)
 .debug_frame   0x00000f94       0x2c C:\Users\schro\OneDrive\Documents\ELEC 291\Lab 6\gcc-arm-none-eabi-10.3-2021.10-win32\gcc-arm-none-eabi-10.3-2021.10\arm-none-eabi\lib\thumb\v6-m\nofp\libc_nano.a(lib_a-lseekr.o)
 .debug_frame   0x00000fc0       0x20 C:\Users\schro\OneDrive\Documents\ELEC 291\Lab 6\gcc-arm-none-eabi-10.3-2021.10-win32\gcc-arm-none-eabi-10.3-2021.10\arm-none-eabi\lib\thumb\v6-m\nofp\libc_nano.a(lib_a-memchr-stub.o)
 .debug_frame   0x00000fe0       0x28 C:\Users\schro\OneDrive\Documents\ELEC 291\Lab 6\gcc-arm-none-eabi-10.3-2021.10-win32\gcc-arm-none-eabi-10.3-2021.10\arm-none-eabi\lib\thumb\v6-m\nofp\libc_nano.a(lib_a-memcpy-stub.o)
 .debug_frame   0x00001008       0x28 C:\Users\schro\OneDrive\Documents\ELEC 291\Lab 6\gcc-arm-none-eabi-10.3-2021.10-win32\gcc-arm-none-eabi-10.3-2021.10\arm-none-eabi\lib\thumb\v6-m\nofp\libc_nano.a(lib_a-memmove.o)
 .debug_frame   0x00001030       0x40 C:\Users\schro\OneDrive\Documents\ELEC 291\Lab 6\gcc-arm-none-eabi-10.3-2021.10-win32\gcc-arm-none-eabi-10.3-2021.10\arm-none-eabi\lib\thumb\v6-m\nofp\libc_nano.a(lib_a-mlock.o)
 .debug_frame   0x00001070       0x34 C:\Users\schro\OneDrive\Documents\ELEC 291\Lab 6\gcc-arm-none-eabi-10.3-2021.10-win32\gcc-arm-none-eabi-10.3-2021.10\arm-none-eabi\lib\thumb\v6-m\nofp\libc_nano.a(lib_a-nano-reallocr.o)
 .debug_frame   0x000010a4       0x2c C:\Users\schro\OneDrive\Documents\ELEC 291\Lab 6\gcc-arm-none-eabi-10.3-2021.10-win32\gcc-arm-none-eabi-10.3-2021.10\arm-none-eabi\lib\thumb\v6-m\nofp\libc_nano.a(lib_a-readr.o)
 .debug_frame   0x000010d0       0x20 C:\Users\schro\OneDrive\Documents\ELEC 291\Lab 6\gcc-arm-none-eabi-10.3-2021.10-win32\gcc-arm-none-eabi-10.3-2021.10\arm-none-eabi\lib\thumb\v6-m\nofp\libc_nano.a(lib_a-nano-msizer.o)
 .debug_frame   0x000010f0       0x20 C:\Users\schro\OneDrive\Documents\ELEC 291\Lab 6\gcc-arm-none-eabi-10.3-2021.10-win32\gcc-arm-none-eabi-10.3-2021.10\lib\gcc\arm-none-eabi\10.3.1\thumb\v6-m\nofp\libgcc.a(_udivsi3.o)

.debug_ranges   0x00000000       0x18
 .debug_ranges  0x00000000       0x18 startup.o

Cross Reference Table

Symbol                                            File
ADC_COMP_Handler                                  startup.o
ComBusy                                           serial.o
ComBusy2                                          UART2.o
ComError                                          serial.o
ComError2                                         UART2.o
ComOpen                                           serial.o
ComOpen2                                          UART2.o
ComRXBuffer                                       serial.o
ComRXBuffer2                                      UART2.o
ComTXBuffer                                       serial.o
ComTXBuffer2                                      UART2.o
DMA_CH1_Handler                                   startup.o
DMA_CH2_3_Handler                                 startup.o
DMA_CH4_5_6_7_Handler                             startup.o
Default_Handler                                   startup.o
Delay_us                                          main.o
EXTI0_1_Handler                                   startup.o
EXTI2_3_Handler                                   startup.o
EXTI4_15_Handler                                  startup.o
FLASH_Handler                                     startup.o
GetBuf                                            serial.o
GetBuf2                                           UART2.o
GetBufCount                                       serial.o
GetBufCount2                                      UART2.o
Hard_Fault_Handler                                startup.o
Hardware_Init                                     main.o
I2C1_Handler                                      startup.o
I2C2_Handler                                      startup.o
LPTIM1_Handler                                    startup.o
LPUART1_Handler                                   startup.o
NMI_Handler                                       startup.o
PVD_Handler                                       startup.o
PendSV_Handler                                    startup.o
PutBuf                                            serial.o
PutBuf2                                           UART2.o
RCC_Handler                                       startup.o
RTC_Handler                                       startup.o
ReadCom                                           serial.o
ReadCom2                                          UART2.o
ReceivedBytes2                                    UART2.o
                                                  main.o
ResetInit                                         startup.o
SPI1_Handler                                      startup.o
SPI2_Handler                                      startup.o
SVC_Handler                                       startup.o
SendATCommand                                     main.o
SysTick_Handler                                   startup.o
TIM21_Handler                                     startup.o
TIM22_Handler                                     startup.o
TIM2_Handler                                      startup.o
TIM6_Handler                                      startup.o
USART1_Handler                                    serial.o
USART2_Handler                                    UART2.o
Vectors                                           startup.o
WWDG_Handler                                      startup.o
WriteCom                                          serial.o
WriteCom2                                         UART2.o
_HeapStart                                        newlib_stubs.o
_StackTop                                         newlib_stubs.o
                                                  startup.o
__aeabi_idiv                                      C:\Users\schro\OneDrive\Documents\ELEC 291\Lab 6\gcc-arm-none-eabi-10.3-2021.10-win32\gcc-arm-none-eabi-10.3-2021.10\lib\gcc\arm-none-eabi\10.3.1\thumb\v6-m\nofp\libgcc.a(_divsi3.o)
                                                  C:\Users\schro\OneDrive\Documents\ELEC 291\Lab 6\gcc-arm-none-eabi-10.3-2021.10-win32\gcc-arm-none-eabi-10.3-2021.10\arm-none-eabi\lib\thumb\v6-m\nofp\libc_nano.a(lib_a-fvwrite.o)
                                                  UART2.o
                                                  serial.o
                                                  main.o
__aeabi_idiv0                                     C:\Users\schro\OneDrive\Documents\ELEC 291\Lab 6\gcc-arm-none-eabi-10.3-2021.10-win32\gcc-arm-none-eabi-10.3-2021.10\lib\gcc\arm-none-eabi\10.3.1\thumb\v6-m\nofp\libgcc.a(_dvmd_tls.o)
                                                  C:\Users\schro\OneDrive\Documents\ELEC 291\Lab 6\gcc-arm-none-eabi-10.3-2021.10-win32\gcc-arm-none-eabi-10.3-2021.10\lib\gcc\arm-none-eabi\10.3.1\thumb\v6-m\nofp\libgcc.a(_udivsi3.o)
                                                  C:\Users\schro\OneDrive\Documents\ELEC 291\Lab 6\gcc-arm-none-eabi-10.3-2021.10-win32\gcc-arm-none-eabi-10.3-2021.10\lib\gcc\arm-none-eabi\10.3.1\thumb\v6-m\nofp\libgcc.a(_divsi3.o)
__aeabi_idivmod                                   C:\Users\schro\OneDrive\Documents\ELEC 291\Lab 6\gcc-arm-none-eabi-10.3-2021.10-win32\gcc-arm-none-eabi-10.3-2021.10\lib\gcc\arm-none-eabi\10.3.1\thumb\v6-m\nofp\libgcc.a(_divsi3.o)
__aeabi_ldiv0                                     C:\Users\schro\OneDrive\Documents\ELEC 291\Lab 6\gcc-arm-none-eabi-10.3-2021.10-win32\gcc-arm-none-eabi-10.3-2021.10\lib\gcc\arm-none-eabi\10.3.1\thumb\v6-m\nofp\libgcc.a(_dvmd_tls.o)
__aeabi_uidiv                                     C:\Users\schro\OneDrive\Documents\ELEC 291\Lab 6\gcc-arm-none-eabi-10.3-2021.10-win32\gcc-arm-none-eabi-10.3-2021.10\lib\gcc\arm-none-eabi\10.3.1\thumb\v6-m\nofp\libgcc.a(_udivsi3.o)
__aeabi_uidivmod                                  C:\Users\schro\OneDrive\Documents\ELEC 291\Lab 6\gcc-arm-none-eabi-10.3-2021.10-win32\gcc-arm-none-eabi-10.3-2021.10\lib\gcc\arm-none-eabi\10.3.1\thumb\v6-m\nofp\libgcc.a(_udivsi3.o)
                                                  C:\Users\schro\OneDrive\Documents\ELEC 291\Lab 6\gcc-arm-none-eabi-10.3-2021.10-win32\gcc-arm-none-eabi-10.3-2021.10\arm-none-eabi\lib\thumb\v6-m\nofp\libc_nano.a(lib_a-nano-vfprintf_i.o)
__divsi3                                          C:\Users\schro\OneDrive\Documents\ELEC 291\Lab 6\gcc-arm-none-eabi-10.3-2021.10-win32\gcc-arm-none-eabi-10.3-2021.10\lib\gcc\arm-none-eabi\10.3.1\thumb\v6-m\nofp\libgcc.a(_divsi3.o)
__env                                             newlib_stubs.o
__fp_lock_all                                     C:\Users\schro\OneDrive\Documents\ELEC 291\Lab 6\gcc-arm-none-eabi-10.3-2021.10-win32\gcc-arm-none-eabi-10.3-2021.10\arm-none-eabi\lib\thumb\v6-m\nofp\libc_nano.a(lib_a-findfp.o)
__fp_unlock_all                                   C:\Users\schro\OneDrive\Documents\ELEC 291\Lab 6\gcc-arm-none-eabi-10.3-2021.10-win32\gcc-arm-none-eabi-10.3-2021.10\arm-none-eabi\lib\thumb\v6-m\nofp\libc_nano.a(lib_a-findfp.o)
__gnu_thumb1_case_shi                             C:\Users\schro\OneDrive\Documents\ELEC 291\Lab 6\gcc-arm-none-eabi-10.3-2021.10-win32\gcc-arm-none-eabi-10.3-2021.10\lib\gcc\arm-none-eabi\10.3.1\thumb\v6-m\nofp\libgcc.a(_thumb1_case_shi.o)
                                                  C:\Users\schro\OneDrive\Documents\ELEC 291\Lab 6\gcc-arm-none-eabi-10.3-2021.10-win32\gcc-arm-none-eabi-10.3-2021.10\arm-none-eabi\lib\thumb\v6-m\nofp\libc_nano.a(lib_a-nano-vfprintf_i.o)
__init_array_end                                  startup.o
__init_array_start                                startup.o
__lock___arc4random_mutex                         C:\Users\schro\OneDrive\Documents\ELEC 291\Lab 6\gcc-arm-none-eabi-10.3-2021.10-win32\gcc-arm-none-eabi-10.3-2021.10\arm-none-eabi\lib\thumb\v6-m\nofp\libc_nano.a(lib_a-lock.o)
__lock___at_quick_exit_mutex                      C:\Users\schro\OneDrive\Documents\ELEC 291\Lab 6\gcc-arm-none-eabi-10.3-2021.10-win32\gcc-arm-none-eabi-10.3-2021.10\arm-none-eabi\lib\thumb\v6-m\nofp\libc_nano.a(lib_a-lock.o)
__lock___atexit_recursive_mutex                   C:\Users\schro\OneDrive\Documents\ELEC 291\Lab 6\gcc-arm-none-eabi-10.3-2021.10-win32\gcc-arm-none-eabi-10.3-2021.10\arm-none-eabi\lib\thumb\v6-m\nofp\libc_nano.a(lib_a-lock.o)
__lock___dd_hash_mutex                            C:\Users\schro\OneDrive\Documents\ELEC 291\Lab 6\gcc-arm-none-eabi-10.3-2021.10-win32\gcc-arm-none-eabi-10.3-2021.10\arm-none-eabi\lib\thumb\v6-m\nofp\libc_nano.a(lib_a-lock.o)
__lock___env_recursive_mutex                      C:\Users\schro\OneDrive\Documents\ELEC 291\Lab 6\gcc-arm-none-eabi-10.3-2021.10-win32\gcc-arm-none-eabi-10.3-2021.10\arm-none-eabi\lib\thumb\v6-m\nofp\libc_nano.a(lib_a-lock.o)
__lock___malloc_recursive_mutex                   C:\Users\schro\OneDrive\Documents\ELEC 291\Lab 6\gcc-arm-none-eabi-10.3-2021.10-win32\gcc-arm-none-eabi-10.3-2021.10\arm-none-eabi\lib\thumb\v6-m\nofp\libc_nano.a(lib_a-lock.o)
                                                  C:\Users\schro\OneDrive\Documents\ELEC 291\Lab 6\gcc-arm-none-eabi-10.3-2021.10-win32\gcc-arm-none-eabi-10.3-2021.10\arm-none-eabi\lib\thumb\v6-m\nofp\libc_nano.a(lib_a-mlock.o)
__lock___sfp_recursive_mutex                      C:\Users\schro\OneDrive\Documents\ELEC 291\Lab 6\gcc-arm-none-eabi-10.3-2021.10-win32\gcc-arm-none-eabi-10.3-2021.10\arm-none-eabi\lib\thumb\v6-m\nofp\libc_nano.a(lib_a-lock.o)
                                                  C:\Users\schro\OneDrive\Documents\ELEC 291\Lab 6\gcc-arm-none-eabi-10.3-2021.10-win32\gcc-arm-none-eabi-10.3-2021.10\arm-none-eabi\lib\thumb\v6-m\nofp\libc_nano.a(lib_a-findfp.o)
__lock___sinit_recursive_mutex                    C:\Users\schro\OneDrive\Documents\ELEC 291\Lab 6\gcc-arm-none-eabi-10.3-2021.10-win32\gcc-arm-none-eabi-10.3-2021.10\arm-none-eabi\lib\thumb\v6-m\nofp\libc_nano.a(lib_a-lock.o)
                                                  C:\Users\schro\OneDrive\Documents\ELEC 291\Lab 6\gcc-arm-none-eabi-10.3-2021.10-win32\gcc-arm-none-eabi-10.3-2021.10\arm-none-eabi\lib\thumb\v6-m\nofp\libc_nano.a(lib_a-findfp.o)
__lock___tz_mutex                                 C:\Users\schro\OneDrive\Documents\ELEC 291\Lab 6\gcc-arm-none-eabi-10.3-2021.10-win32\gcc-arm-none-eabi-10.3-2021.10\arm-none-eabi\lib\thumb\v6-m\nofp\libc_nano.a(lib_a-lock.o)
__malloc_free_list                                C:\Users\schro\OneDrive\Documents\ELEC 291\Lab 6\gcc-arm-none-eabi-10.3-2021.10-win32\gcc-arm-none-eabi-10.3-2021.10\arm-none-eabi\lib\thumb\v6-m\nofp\libc_nano.a(lib_a-nano-mallocr.o)
                                                  C:\Users\schro\OneDrive\Documents\ELEC 291\Lab 6\gcc-arm-none-eabi-10.3-2021.10-win32\gcc-arm-none-eabi-10.3-2021.10\arm-none-eabi\lib\thumb\v6-m\nofp\libc_nano.a(lib_a-nano-freer.o)
__malloc_lock                                     C:\Users\schro\OneDrive\Documents\ELEC 291\Lab 6\gcc-arm-none-eabi-10.3-2021.10-win32\gcc-arm-none-eabi-10.3-2021.10\arm-none-eabi\lib\thumb\v6-m\nofp\libc_nano.a(lib_a-mlock.o)
                                                  C:\Users\schro\OneDrive\Documents\ELEC 291\Lab 6\gcc-arm-none-eabi-10.3-2021.10-win32\gcc-arm-none-eabi-10.3-2021.10\arm-none-eabi\lib\thumb\v6-m\nofp\libc_nano.a(lib_a-nano-mallocr.o)
                                                  C:\Users\schro\OneDrive\Documents\ELEC 291\Lab 6\gcc-arm-none-eabi-10.3-2021.10-win32\gcc-arm-none-eabi-10.3-2021.10\arm-none-eabi\lib\thumb\v6-m\nofp\libc_nano.a(lib_a-nano-freer.o)
__malloc_sbrk_start                               C:\Users\schro\OneDrive\Documents\ELEC 291\Lab 6\gcc-arm-none-eabi-10.3-2021.10-win32\gcc-arm-none-eabi-10.3-2021.10\arm-none-eabi\lib\thumb\v6-m\nofp\libc_nano.a(lib_a-nano-mallocr.o)
__malloc_unlock                                   C:\Users\schro\OneDrive\Documents\ELEC 291\Lab 6\gcc-arm-none-eabi-10.3-2021.10-win32\gcc-arm-none-eabi-10.3-2021.10\arm-none-eabi\lib\thumb\v6-m\nofp\libc_nano.a(lib_a-mlock.o)
                                                  C:\Users\schro\OneDrive\Documents\ELEC 291\Lab 6\gcc-arm-none-eabi-10.3-2021.10-win32\gcc-arm-none-eabi-10.3-2021.10\arm-none-eabi\lib\thumb\v6-m\nofp\libc_nano.a(lib_a-nano-mallocr.o)
                                                  C:\Users\schro\OneDrive\Documents\ELEC 291\Lab 6\gcc-arm-none-eabi-10.3-2021.10-win32\gcc-arm-none-eabi-10.3-2021.10\arm-none-eabi\lib\thumb\v6-m\nofp\libc_nano.a(lib_a-nano-freer.o)
__retarget_lock_acquire                           C:\Users\schro\OneDrive\Documents\ELEC 291\Lab 6\gcc-arm-none-eabi-10.3-2021.10-win32\gcc-arm-none-eabi-10.3-2021.10\arm-none-eabi\lib\thumb\v6-m\nofp\libc_nano.a(lib_a-lock.o)
__retarget_lock_acquire_recursive                 C:\Users\schro\OneDrive\Documents\ELEC 291\Lab 6\gcc-arm-none-eabi-10.3-2021.10-win32\gcc-arm-none-eabi-10.3-2021.10\arm-none-eabi\lib\thumb\v6-m\nofp\libc_nano.a(lib_a-lock.o)
                                                  C:\Users\schro\OneDrive\Documents\ELEC 291\Lab 6\gcc-arm-none-eabi-10.3-2021.10-win32\gcc-arm-none-eabi-10.3-2021.10\arm-none-eabi\lib\thumb\v6-m\nofp\libc_nano.a(lib_a-mlock.o)
                                                  C:\Users\schro\OneDrive\Documents\ELEC 291\Lab 6\gcc-arm-none-eabi-10.3-2021.10-win32\gcc-arm-none-eabi-10.3-2021.10\arm-none-eabi\lib\thumb\v6-m\nofp\libc_nano.a(lib_a-nano-vfprintf.o)